../Core/Src/main.c:96:6:HAL_TIM_IC_CaptureCallback	16	static
../Core/Src/main.c:114:5:main	8	static
../Core/Src/main.c:236:6:SystemClock_Config	88	static
../Core/Src/main.c:283:13:MX_SPI1_Init	8	static
../Core/Src/main.c:321:13:MX_TIM1_Init	96	static
../Core/Src/main.c:404:13:MX_TIM2_Init	56	static
../Core/Src/main.c:453:13:MX_TIM3_Init	64	static
../Core/Src/main.c:512:13:MX_TIM4_Init	56	static
../Core/Src/main.c:561:13:MX_GPIO_Init	40	static
../Core/Src/main.c:610:6:readData	8	static
../Core/Src/main.c:616:6:quemSouEu	8	static
../Core/Src/main.c:639:6:Error_Handler	4	static,ignoring_inline_asm
