../Core/Src/main.c:96:6:HAL_TIM_IC_CaptureCallback	16	static
../Core/Src/main.c:114:5:main	8	static
../Core/Src/main.c:241:6:SystemClock_Config	88	static
../Core/Src/main.c:288:13:MX_SPI1_Init	8	static
../Core/Src/main.c:326:13:MX_TIM1_Init	96	static
../Core/Src/main.c:409:13:MX_TIM2_Init	56	static
../Core/Src/main.c:458:13:MX_TIM3_Init	64	static
../Core/Src/main.c:517:13:MX_TIM4_Init	56	static
../Core/Src/main.c:566:13:MX_GPIO_Init	40	static
../Core/Src/main.c:615:6:readData	8	static
../Core/Src/main.c:621:6:quemSouEu	8	static
../Core/Src/main.c:644:6:Error_Handler	4	static,ignoring_inline_asm
