Archive member included to satisfy reference by file (symbol)

c:/st/stm32cubeide_1.10.1/stm32cubeide/plugins/com.st.stm32cube.ide.mcu.externaltools.gnu-tools-for-stm32.10.3-2021.10.win32_1.0.0.202111181127/tools/bin/../lib/gcc/arm-none-eabi/10.3.1/../../../../arm-none-eabi/lib/thumb/v7-m/nofp\libc_nano.a(lib_a-errno.o)
                              ./Core/Src/syscalls.o (__errno)
c:/st/stm32cubeide_1.10.1/stm32cubeide/plugins/com.st.stm32cube.ide.mcu.externaltools.gnu-tools-for-stm32.10.3-2021.10.win32_1.0.0.202111181127/tools/bin/../lib/gcc/arm-none-eabi/10.3.1/../../../../arm-none-eabi/lib/thumb/v7-m/nofp\libc_nano.a(lib_a-exit.o)
                              c:/st/stm32cubeide_1.10.1/stm32cubeide/plugins/com.st.stm32cube.ide.mcu.externaltools.gnu-tools-for-stm32.10.3-2021.10.win32_1.0.0.202111181127/tools/bin/../lib/gcc/arm-none-eabi/10.3.1/../../../../arm-none-eabi/lib/thumb/v7-m/nofp/crt0.o (exit)
c:/st/stm32cubeide_1.10.1/stm32cubeide/plugins/com.st.stm32cube.ide.mcu.externaltools.gnu-tools-for-stm32.10.3-2021.10.win32_1.0.0.202111181127/tools/bin/../lib/gcc/arm-none-eabi/10.3.1/../../../../arm-none-eabi/lib/thumb/v7-m/nofp\libc_nano.a(lib_a-impure.o)
                              c:/st/stm32cubeide_1.10.1/stm32cubeide/plugins/com.st.stm32cube.ide.mcu.externaltools.gnu-tools-for-stm32.10.3-2021.10.win32_1.0.0.202111181127/tools/bin/../lib/gcc/arm-none-eabi/10.3.1/../../../../arm-none-eabi/lib/thumb/v7-m/nofp\libc_nano.a(lib_a-exit.o) (_global_impure_ptr)
c:/st/stm32cubeide_1.10.1/stm32cubeide/plugins/com.st.stm32cube.ide.mcu.externaltools.gnu-tools-for-stm32.10.3-2021.10.win32_1.0.0.202111181127/tools/bin/../lib/gcc/arm-none-eabi/10.3.1/../../../../arm-none-eabi/lib/thumb/v7-m/nofp\libc_nano.a(lib_a-init.o)
                              c:/st/stm32cubeide_1.10.1/stm32cubeide/plugins/com.st.stm32cube.ide.mcu.externaltools.gnu-tools-for-stm32.10.3-2021.10.win32_1.0.0.202111181127/tools/bin/../lib/gcc/arm-none-eabi/10.3.1/../../../../arm-none-eabi/lib/thumb/v7-m/nofp/crt0.o (__libc_init_array)
c:/st/stm32cubeide_1.10.1/stm32cubeide/plugins/com.st.stm32cube.ide.mcu.externaltools.gnu-tools-for-stm32.10.3-2021.10.win32_1.0.0.202111181127/tools/bin/../lib/gcc/arm-none-eabi/10.3.1/../../../../arm-none-eabi/lib/thumb/v7-m/nofp\libc_nano.a(lib_a-memset.o)
                              c:/st/stm32cubeide_1.10.1/stm32cubeide/plugins/com.st.stm32cube.ide.mcu.externaltools.gnu-tools-for-stm32.10.3-2021.10.win32_1.0.0.202111181127/tools/bin/../lib/gcc/arm-none-eabi/10.3.1/../../../../arm-none-eabi/lib/thumb/v7-m/nofp/crt0.o (memset)
c:/st/stm32cubeide_1.10.1/stm32cubeide/plugins/com.st.stm32cube.ide.mcu.externaltools.gnu-tools-for-stm32.10.3-2021.10.win32_1.0.0.202111181127/tools/bin/../lib/gcc/arm-none-eabi/10.3.1/../../../../arm-none-eabi/lib/thumb/v7-m/nofp\libc_nano.a(lib_a-strlen.o)
                              ./Core/Src/main.o (strlen)

Discarded input sections

 .text          0x0000000000000000        0x0 c:/st/stm32cubeide_1.10.1/stm32cubeide/plugins/com.st.stm32cube.ide.mcu.externaltools.gnu-tools-for-stm32.10.3-2021.10.win32_1.0.0.202111181127/tools/bin/../lib/gcc/arm-none-eabi/10.3.1/thumb/v7-m/nofp/crti.o
 .data          0x0000000000000000        0x0 c:/st/stm32cubeide_1.10.1/stm32cubeide/plugins/com.st.stm32cube.ide.mcu.externaltools.gnu-tools-for-stm32.10.3-2021.10.win32_1.0.0.202111181127/tools/bin/../lib/gcc/arm-none-eabi/10.3.1/thumb/v7-m/nofp/crti.o
 .bss           0x0000000000000000        0x0 c:/st/stm32cubeide_1.10.1/stm32cubeide/plugins/com.st.stm32cube.ide.mcu.externaltools.gnu-tools-for-stm32.10.3-2021.10.win32_1.0.0.202111181127/tools/bin/../lib/gcc/arm-none-eabi/10.3.1/thumb/v7-m/nofp/crti.o
 .data          0x0000000000000000        0x4 c:/st/stm32cubeide_1.10.1/stm32cubeide/plugins/com.st.stm32cube.ide.mcu.externaltools.gnu-tools-for-stm32.10.3-2021.10.win32_1.0.0.202111181127/tools/bin/../lib/gcc/arm-none-eabi/10.3.1/thumb/v7-m/nofp/crtbegin.o
 .rodata        0x0000000000000000       0x24 c:/st/stm32cubeide_1.10.1/stm32cubeide/plugins/com.st.stm32cube.ide.mcu.externaltools.gnu-tools-for-stm32.10.3-2021.10.win32_1.0.0.202111181127/tools/bin/../lib/gcc/arm-none-eabi/10.3.1/thumb/v7-m/nofp/crtbegin.o
 .text          0x0000000000000000       0x7c c:/st/stm32cubeide_1.10.1/stm32cubeide/plugins/com.st.stm32cube.ide.mcu.externaltools.gnu-tools-for-stm32.10.3-2021.10.win32_1.0.0.202111181127/tools/bin/../lib/gcc/arm-none-eabi/10.3.1/../../../../arm-none-eabi/lib/thumb/v7-m/nofp/crt0.o
 .data          0x0000000000000000        0x0 c:/st/stm32cubeide_1.10.1/stm32cubeide/plugins/com.st.stm32cube.ide.mcu.externaltools.gnu-tools-for-stm32.10.3-2021.10.win32_1.0.0.202111181127/tools/bin/../lib/gcc/arm-none-eabi/10.3.1/../../../../arm-none-eabi/lib/thumb/v7-m/nofp/crt0.o
[...]
Memory Configuration

Name             Origin             Length             Attributes
RAM              0x0000000020000000 0x0000000000005000 xrw
FLASH            0x0000000008000000 0x0000000000010000 xr
*default*        0x0000000000000000 0xffffffffffffffff

Linker script and memory map

LOAD c:/st/stm32cubeide_1.10.1/stm32cubeide/plugins/com.st.stm32cube.ide.mcu.externaltools.gnu-tools-for-stm32.10.3-2021.10.win32_1.0.0.202111181127/tools/bin/../lib/gcc/arm-none-eabi/10.3.1/thumb/v7-m/nofp/crti.o
LOAD c:/st/stm32cubeide_1.10.1/stm32cubeide/plugins/com.st.stm32cube.ide.mcu.externaltools.gnu-tools-for-stm32.10.3-2021.10.win32_1.0.0.202111181127/tools/bin/../lib/gcc/arm-none-eabi/10.3.1/thumb/v7-m/nofp/crtbegin.o
LOAD c:/st/stm32cubeide_1.10.1/stm32cubeide/plugins/com.st.stm32cube.ide.mcu.externaltools.gnu-tools-for-stm32.10.3-2021.10.win32_1.0.0.202111181127/tools/bin/../lib/gcc/arm-none-eabi/10.3.1/../../../../arm-none-eabi/lib/thumb/v7-m/nofp/crt0.o
LOAD ./Core/Src/main.o
LOAD ./Core/Src/nrf24l01.o
LOAD ./Core/Src/stm32f1xx_hal_msp.o
LOAD ./Core/Src/stm32f1xx_it.o
LOAD ./Core/Src/syscalls.o
LOAD ./Core/Src/sysmem.o
LOAD ./Core/Src/system_stm32f1xx.o
LOAD ./Core/Startup/startup_stm32f103c8tx.o
LOAD ./Drivers/STM32F1xx_HAL_Driver/Src/stm32f1xx_hal.o
LOAD ./Drivers/STM32F1xx_HAL_Driver/Src/stm32f1xx_hal_cortex.o
LOAD ./Drivers/STM32F1xx_HAL_Driver/Src/stm32f1xx_hal_dma.o
LOAD ./Drivers/STM32F1xx_HAL_Driver/Src/stm32f1xx_hal_exti.o
LOAD ./Drivers/STM32F1xx_HAL_Driver/Src/stm32f1xx_hal_flash.o
LOAD ./Drivers/STM32F1xx_HAL_Driver/Src/stm32f1xx_hal_flash_ex.o
LOAD ./Drivers/STM32F1xx_HAL_Driver/Src/stm32f1xx_hal_gpio.o
LOAD ./Drivers/STM32F1xx_HAL_Driver/Src/stm32f1xx_hal_gpio_ex.o
LOAD ./Drivers/STM32F1xx_HAL_Driver/Src/stm32f1xx_hal_pcd.o
LOAD ./Drivers/STM32F1xx_HAL_Driver/Src/stm32f1xx_hal_pcd_ex.o
LOAD ./Drivers/STM32F1xx_HAL_Driver/Src/stm32f1xx_hal_pwr.o
LOAD ./Drivers/STM32F1xx_HAL_Driver/Src/stm32f1xx_hal_rcc.o
LOAD ./Drivers/STM32F1xx_HAL_Driver/Src/stm32f1xx_hal_rcc_ex.o
LOAD ./Drivers/STM32F1xx_HAL_Driver/Src/stm32f1xx_hal_spi.o
LOAD ./Drivers/STM32F1xx_HAL_Driver/Src/stm32f1xx_ll_usb.o
LOAD ./Middlewares/ST/STM32_USB_Device_Library/Class/CDC/Src/usbd_cdc.o
LOAD ./Middlewares/ST/STM32_USB_Device_Library/Core/Src/usbd_core.o
LOAD ./Middlewares/ST/STM32_USB_Device_Library/Core/Src/usbd_ctlreq.o
LOAD ./Middlewares/ST/STM32_USB_Device_Library/Core/Src/usbd_ioreq.o
LOAD ./USB_DEVICE/App/usb_device.o
LOAD ./USB_DEVICE/App/usbd_cdc_if.o
LOAD ./USB_DEVICE/App/usbd_desc.o
LOAD ./USB_DEVICE/Target/usbd_conf.o
START GROUP
LOAD c:/st/stm32cubeide_1.10.1/stm32cubeide/plugins/com.st.stm32cube.ide.mcu.externaltools.gnu-tools-for-stm32.10.3-2021.10.win32_1.0.0.202111181127/tools/bin/../lib/gcc/arm-none-eabi/10.3.1/../../../../arm-none-eabi/lib/thumb/v7-m/nofp\libc_nano.a
LOAD c:/st/stm32cubeide_1.10.1/stm32cubeide/plugins/com.st.stm32cube.ide.mcu.externaltools.gnu-tools-for-stm32.10.3-2021.10.win32_1.0.0.202111181127/tools/bin/../lib/gcc/arm-none-eabi/10.3.1/../../../../arm-none-eabi/lib/thumb/v7-m/nofp\libm.a
END GROUP
START GROUP
LOAD c:/st/stm32cubeide_1.10.1/stm32cubeide/plugins/com.st.stm32cube.ide.mcu.externaltools.gnu-tools-for-stm32.10.3-2021.10.win32_1.0.0.202111181127/tools/bin/../lib/gcc/arm-none-eabi/10.3.1/thumb/v7-m/nofp\libgcc.a
LOAD c:/st/stm32cubeide_1.10.1/stm32cubeide/plugins/com.st.stm32cube.ide.mcu.externaltools.gnu-tools-for-stm32.10.3-2021.10.win32_1.0.0.202111181127/tools/bin/../lib/gcc/arm-none-eabi/10.3.1/../../../../arm-none-eabi/lib/thumb/v7-m/nofp\libc_nano.a
END GROUP
START GROUP
LOAD c:/st/stm32cubeide_1.10.1/stm32cubeide/plugins/com.st.stm32cube.ide.mcu.externaltools.gnu-tools-for-stm32.10.3-2021.10.win32_1.0.0.202111181127/tools/bin/../lib/gcc/arm-none-eabi/10.3.1/thumb/v7-m/nofp\libgcc.a
LOAD c:/st/stm32cubeide_1.10.1/stm32cubeide/plugins/com.st.stm32cube.ide.mcu.externaltools.gnu-tools-for-stm32.10.3-2021.10.win32_1.0.0.202111181127/tools/bin/../lib/gcc/arm-none-eabi/10.3.1/../../../../arm-none-eabi/lib/thumb/v7-m/nofp\libc_nano.a
LOAD c:/st/stm32cubeide_1.10.1/stm32cubeide/plugins/com.st.stm32cube.ide.mcu.externaltools.gnu-tools-for-stm32.10.3-2021.10.win32_1.0.0.202111181127/tools/bin/../lib/gcc/arm-none-eabi/10.3.1/../../../../arm-none-eabi/lib/thumb/v7-m/nofp\libnosys.a
END GROUP
START GROUP
LOAD c:/st/stm32cubeide_1.10.1/stm32cubeide/plugins/com.st.stm32cube.ide.mcu.externaltools.gnu-tools-for-stm32.10.3-2021.10.win32_1.0.0.202111181127/tools/bin/../lib/gcc/arm-none-eabi/10.3.1/thumb/v7-m/nofp\libgcc.a
LOAD c:/st/stm32cubeide_1.10.1/stm32cubeide/plugins/com.st.stm32cube.ide.mcu.externaltools.gnu-tools-for-stm32.10.3-2021.10.win32_1.0.0.202111181127/tools/bin/../lib/gcc/arm-none-eabi/10.3.1/../../../../arm-none-eabi/lib/thumb/v7-m/nofp\libc_nano.a
LOAD c:/st/stm32cubeide_1.10.1/stm32cubeide/plugins/com.st.stm32cube.ide.mcu.externaltools.gnu-tools-for-stm32.10.3-2021.10.win32_1.0.0.202111181127/tools/bin/../lib/gcc/arm-none-eabi/10.3.1/../../../../arm-none-eabi/lib/thumb/v7-m/nofp\libnosys.a
END GROUP
LOAD c:/st/stm32cubeide_1.10.1/stm32cubeide/plugins/com.st.stm32cube.ide.mcu.externaltools.gnu-tools-for-stm32.10.3-2021.10.win32_1.0.0.202111181127/tools/bin/../lib/gcc/arm-none-eabi/10.3.1/thumb/v7-m/nofp/crtend.o
LOAD c:/st/stm32cubeide_1.10.1/stm32cubeide/plugins/com.st.stm32cube.ide.mcu.externaltools.gnu-tools-for-stm32.10.3-2021.10.win32_1.0.0.202111181127/tools/bin/../lib/gcc/arm-none-eabi/10.3.1/thumb/v7-m/nofp/crtn.o
                0x0000000020005000                _estack = (ORIGIN (RAM) + LENGTH (RAM))
                0x0000000000000200                _Min_Heap_Size = 0x200
                0x0000000000000400                _Min_Stack_Size = 0x400

.isr_vector     0x0000000008000000      0x10c
                0x0000000008000000                . = ALIGN (0x4)
 *(.isr_vector)
 .isr_vector    0x0000000008000000      0x10c ./Core/Startup/startup_stm32f103c8tx.o
                0x0000000008000000                g_pfnVectors
                0x000000000800010c                . = ALIGN (0x4)

.text           0x000000000800010c     0x8d90
                0x000000000800010c                . = ALIGN (0x4)
 *(.text)
 .text          0x000000000800010c       0x40 c:/st/stm32cubeide_1.10.1/stm32cubeide/plugins/com.st.stm32cube.ide.mcu.externaltools.gnu-tools-for-stm32.10.3-2021.10.win32_1.0.0.202111181127/tools/bin/../lib/gcc/arm-none-eabi/10.3.1/thumb/v7-m/nofp/crtbegin.o
 .text          0x000000000800014c       0x10 c:/st/stm32cubeide_1.10.1/stm32cubeide/plugins/com.st.stm32cube.ide.mcu.externaltools.gnu-tools-for-stm32.10.3-2021.10.win32_1.0.0.202111181127/tools/bin/../lib/gcc/arm-none-eabi/10.3.1/../../../../arm-none-eabi/lib/thumb/v7-m/nofp\libc_nano.a(lib_a-strlen.o)
                0x000000000800014c                strlen
 *(.text*)
 .text.main     0x000000000800015c       0xdc ./Core/Src/main.o
                0x000000000800015c                main
 .text.SystemClock_Config
                0x0000000008000238       0xb4 ./Core/Src/main.o
                0x0000000008000238                SystemClock_Config
 .text.MX_SPI1_Init
                0x00000000080002ec       0x6c ./Core/Src/main.o
 .text.MX_GPIO_Init
                0x0000000008000358      0x104 ./Core/Src/main.o
 .text.readData
                0x000000000800045c       0x3c ./Core/Src/main.o
                0x000000000800045c                readData
 .text.Error_Handler
                0x0000000008000498        0xa ./Core/Src/main.o
                0x0000000008000498                Error_Handler
 .text.nrf24_init
                0x00000000080004a2       0x74 ./Core/Src/nrf24l01.o
                0x00000000080004a2                nrf24_init
 .text.nrf24_setDataRate
                0x0000000008000516       0x96 ./Core/Src/nrf24l01.o
                0x0000000008000516                nrf24_setDataRate
 .text.nrf24_setPALevel
                0x00000000080005ac       0xb0 ./Core/Src/nrf24l01.o
                0x00000000080005ac                nrf24_setPALevel
 .text.nrf24_setChannel
                0x000000000800065c       0x2c ./Core/Src/nrf24l01.o
                0x000000000800065c                nrf24_setChannel
 .text.nrf24_setMode
                0x0000000008000688       0xa4 ./Core/Src/nrf24l01.o
                0x0000000008000688                nrf24_setMode
 .text.nrf24_setRxPipe
                0x000000000800072c      0x128 ./Core/Src/nrf24l01.o
                0x000000000800072c                nrf24_setRxPipe
 .text.isDataAvailable
                0x0000000008000854       0x60 ./Core/Src/nrf24l01.o
                0x0000000008000854                isDataAvailable
 .text.nrf24_Receive
                0x00000000080008b4       0x84 ./Core/Src/nrf24l01.o
                0x00000000080008b4                nrf24_Receive
 .text.nrf24_CE_enable
                0x0000000008000938       0x20 ./Core/Src/nrf24l01.o
 .text.nrf24_CE_disable
                0x0000000008000958       0x20 ./Core/Src/nrf24l01.o
 .text.nrf24_CSN_enable
                0x0000000008000978       0x20 ./Core/Src/nrf24l01.o
 .text.nrf24_CSN_disable
                0x0000000008000998       0x20 ./Core/Src/nrf24l01.o
 .text.nrf24_writeReg
                0x00000000080009b8       0x56 ./Core/Src/nrf24l01.o
 .text.nrf24_writeRegMulti
                0x0000000008000a0e       0x78 ./Core/Src/nrf24l01.o
 .text.nrf24_readReg
                0x0000000008000a86       0x5a ./Core/Src/nrf24l01.o
 .text.nrf_sendCmd
                0x0000000008000ae0       0x42 ./Core/Src/nrf24l01.o
 *fill*         0x0000000008000b22        0x2 
 .text.nrf24_reset
                0x0000000008000b24      0x180 ./Core/Src/nrf24l01.o
 .text.HAL_MspInit
                0x0000000008000ca4       0x44 ./Core/Src/stm32f1xx_hal_msp.o
                0x0000000008000ca4                HAL_MspInit
 .text.HAL_SPI_MspInit
                0x0000000008000ce8       0x94 ./Core/Src/stm32f1xx_hal_msp.o
                0x0000000008000ce8                HAL_SPI_MspInit
 .text.NMI_Handler
                0x0000000008000d7c        0x6 ./Core/Src/stm32f1xx_it.o
                0x0000000008000d7c                NMI_Handler
 .text.HardFault_Handler
                0x0000000008000d82        0x6 ./Core/Src/stm32f1xx_it.o
                0x0000000008000d82                HardFault_Handler
 .text.MemManage_Handler
                0x0000000008000d88        0x6 ./Core/Src/stm32f1xx_it.o
                0x0000000008000d88                MemManage_Handler
 .text.BusFault_Handler
                0x0000000008000d8e        0x6 ./Core/Src/stm32f1xx_it.o
                0x0000000008000d8e                BusFault_Handler
 .text.UsageFault_Handler
                0x0000000008000d94        0x6 ./Core/Src/stm32f1xx_it.o
                0x0000000008000d94                UsageFault_Handler
 .text.SVC_Handler
                0x0000000008000d9a        0xc ./Core/Src/stm32f1xx_it.o
                0x0000000008000d9a                SVC_Handler
 .text.DebugMon_Handler
                0x0000000008000da6        0xc ./Core/Src/stm32f1xx_it.o
                0x0000000008000da6                DebugMon_Handler
 .text.PendSV_Handler
                0x0000000008000db2        0xc ./Core/Src/stm32f1xx_it.o
                0x0000000008000db2                PendSV_Handler
 .text.SysTick_Handler
                0x0000000008000dbe        0xc ./Core/Src/stm32f1xx_it.o
                0x0000000008000dbe                SysTick_Handler
 *fill*         0x0000000008000dca        0x2 
 .text.USB_LP_CAN1_RX0_IRQHandler
                0x0000000008000dcc       0x14 ./Core/Src/stm32f1xx_it.o
                0x0000000008000dcc                USB_LP_CAN1_RX0_IRQHandler
 .text.SystemInit
                0x0000000008000de0        0xc ./Core/Src/system_stm32f1xx.o
                0x0000000008000de0                SystemInit
 .text.Reset_Handler
                0x0000000008000dec       0x48 ./Core/Startup/startup_stm32f103c8tx.o
                0x0000000008000dec                Reset_Handler
 .text.Default_Handler
                0x0000000008000e34        0x2 ./Core/Startup/startup_stm32f103c8tx.o
                0x0000000008000e34                RTC_Alarm_IRQHandler
                0x0000000008000e34                EXTI2_IRQHandler
                0x0000000008000e34                TIM1_CC_IRQHandler
                0x0000000008000e34                PVD_IRQHandler
                0x0000000008000e34                EXTI3_IRQHandler
                0x0000000008000e34                EXTI0_IRQHandler
                0x0000000008000e34                I2C2_EV_IRQHandler
                0x0000000008000e34                ADC1_2_IRQHandler
                0x0000000008000e34                SPI1_IRQHandler
                0x0000000008000e34                TAMPER_IRQHandler
                0x0000000008000e34                DMA1_Channel4_IRQHandler
                0x0000000008000e34                USART3_IRQHandler
                0x0000000008000e34                RTC_IRQHandler
                0x0000000008000e34                DMA1_Channel7_IRQHandler
                0x0000000008000e34                CAN1_RX1_IRQHandler
                0x0000000008000e34                TIM4_IRQHandler
                0x0000000008000e34                I2C1_EV_IRQHandler
                0x0000000008000e34                DMA1_Channel6_IRQHandler
                0x0000000008000e34                TIM3_IRQHandler
                0x0000000008000e34                RCC_IRQHandler
                0x0000000008000e34                TIM1_TRG_COM_IRQHandler
                0x0000000008000e34                DMA1_Channel1_IRQHandler
                0x0000000008000e34                Default_Handler
                0x0000000008000e34                EXTI15_10_IRQHandler
                0x0000000008000e34                EXTI9_5_IRQHandler
                0x0000000008000e34                SPI2_IRQHandler
                0x0000000008000e34                DMA1_Channel5_IRQHandler
                0x0000000008000e34                EXTI4_IRQHandler
                0x0000000008000e34                USB_HP_CAN1_TX_IRQHandler
                0x0000000008000e34                DMA1_Channel3_IRQHandler
                0x0000000008000e34                TIM1_UP_IRQHandler
                0x0000000008000e34                WWDG_IRQHandler
                0x0000000008000e34                TIM2_IRQHandler
                0x0000000008000e34                TIM1_BRK_IRQHandler
                0x0000000008000e34                EXTI1_IRQHandler
                0x0000000008000e34                USART2_IRQHandler
                0x0000000008000e34                I2C2_ER_IRQHandler
                0x0000000008000e34                DMA1_Channel2_IRQHandler
                0x0000000008000e34                CAN1_SCE_IRQHandler
                0x0000000008000e34                FLASH_IRQHandler
                0x0000000008000e34                USART1_IRQHandler
                0x0000000008000e34                I2C1_ER_IRQHandler
                0x0000000008000e34                USBWakeUp_IRQHandler
 *fill*         0x0000000008000e36        0x2 
 .text.HAL_Init
                0x0000000008000e38       0x2c ./Drivers/STM32F1xx_HAL_Driver/Src/stm32f1xx_hal.o
                0x0000000008000e38                HAL_Init
 .text.HAL_InitTick
                0x0000000008000e64       0x60 ./Drivers/STM32F1xx_HAL_Driver/Src/stm32f1xx_hal.o
                0x0000000008000e64                HAL_InitTick
 .text.HAL_IncTick
                0x0000000008000ec4       0x24 ./Drivers/STM32F1xx_HAL_Driver/Src/stm32f1xx_hal.o
                0x0000000008000ec4                HAL_IncTick
 .text.HAL_GetTick
                0x0000000008000ee8       0x14 ./Drivers/STM32F1xx_HAL_Driver/Src/stm32f1xx_hal.o
                0x0000000008000ee8                HAL_GetTick
 .text.HAL_Delay
                0x0000000008000efc       0x48 ./Drivers/STM32F1xx_HAL_Driver/Src/stm32f1xx_hal.o
                0x0000000008000efc                HAL_Delay
 .text.__NVIC_SetPriorityGrouping
                0x0000000008000f44       0x48 ./Drivers/STM32F1xx_HAL_Driver/Src/stm32f1xx_hal_cortex.o
 .text.__NVIC_GetPriorityGrouping
                0x0000000008000f8c       0x1c ./Drivers/STM32F1xx_HAL_Driver/Src/stm32f1xx_hal_cortex.o
 .text.__NVIC_EnableIRQ
                0x0000000008000fa8       0x38 ./Drivers/STM32F1xx_HAL_Driver/Src/stm32f1xx_hal_cortex.o
 .text.__NVIC_SetPriority
                0x0000000008000fe0       0x54 ./Drivers/STM32F1xx_HAL_Driver/Src/stm32f1xx_hal_cortex.o
 .text.NVIC_EncodePriority
                0x0000000008001034       0x64 ./Drivers/STM32F1xx_HAL_Driver/Src/stm32f1xx_hal_cortex.o
 .text.SysTick_Config
                0x0000000008001098       0x44 ./Drivers/STM32F1xx_HAL_Driver/Src/stm32f1xx_hal_cortex.o
 .text.HAL_NVIC_SetPriorityGrouping
                0x00000000080010dc       0x16 ./Drivers/STM32F1xx_HAL_Driver/Src/stm32f1xx_hal_cortex.o
                0x00000000080010dc                HAL_NVIC_SetPriorityGrouping
 .text.HAL_NVIC_SetPriority
                0x00000000080010f2       0x38 ./Drivers/STM32F1xx_HAL_Driver/Src/stm32f1xx_hal_cortex.o
                0x00000000080010f2                HAL_NVIC_SetPriority
 .text.HAL_NVIC_EnableIRQ
                0x000000000800112a       0x1c ./Drivers/STM32F1xx_HAL_Driver/Src/stm32f1xx_hal_cortex.o
                0x000000000800112a                HAL_NVIC_EnableIRQ
 .text.HAL_SYSTICK_Config
                0x0000000008001146       0x18 ./Drivers/STM32F1xx_HAL_Driver/Src/stm32f1xx_hal_cortex.o
                0x0000000008001146                HAL_SYSTICK_Config
 *fill*         0x000000000800115e        0x2 
 .text.HAL_GPIO_Init
                0x0000000008001160      0x308 ./Drivers/STM32F1xx_HAL_Driver/Src/stm32f1xx_hal_gpio.o
                0x0000000008001160                HAL_GPIO_Init
 .text.HAL_GPIO_WritePin
                0x0000000008001468       0x30 ./Drivers/STM32F1xx_HAL_Driver/Src/stm32f1xx_hal_gpio.o
                0x0000000008001468                HAL_GPIO_WritePin
 .text.HAL_GPIO_TogglePin
                0x0000000008001498       0x32 ./Drivers/STM32F1xx_HAL_Driver/Src/stm32f1xx_hal_gpio.o
                0x0000000008001498                HAL_GPIO_TogglePin
 .text.HAL_PCD_Init
                0x00000000080014ca      0x216 ./Drivers/STM32F1xx_HAL_Driver/Src/stm32f1xx_hal_pcd.o
                0x00000000080014ca                HAL_PCD_Init
 .text.HAL_PCD_Start
                0x00000000080016e0       0x4c ./Drivers/STM32F1xx_HAL_Driver/Src/stm32f1xx_hal_pcd.o
                0x00000000080016e0                HAL_PCD_Start
 .text.HAL_PCD_IRQHandler
                0x000000000800172c      0x2a6 ./Drivers/STM32F1xx_HAL_Driver/Src/stm32f1xx_hal_pcd.o
                0x000000000800172c                HAL_PCD_IRQHandler
 .text.HAL_PCD_SetAddress
                0x00000000080019d2       0x4a ./Drivers/STM32F1xx_HAL_Driver/Src/stm32f1xx_hal_pcd.o
                0x00000000080019d2                HAL_PCD_SetAddress
 .text.HAL_PCD_EP_Open
                0x0000000008001a1c       0xcc ./Drivers/STM32F1xx_HAL_Driver/Src/stm32f1xx_hal_pcd.o
                0x0000000008001a1c                HAL_PCD_EP_Open
 .text.HAL_PCD_EP_Close
                0x0000000008001ae8       0x90 ./Drivers/STM32F1xx_HAL_Driver/Src/stm32f1xx_hal_pcd.o
                0x0000000008001ae8                HAL_PCD_EP_Close
 .text.HAL_PCD_EP_Receive
                0x0000000008001b78       0x7a ./Drivers/STM32F1xx_HAL_Driver/Src/stm32f1xx_hal_pcd.o
                0x0000000008001b78                HAL_PCD_EP_Receive
 .text.HAL_PCD_EP_GetRxCount
                0x0000000008001bf2       0x2e ./Drivers/STM32F1xx_HAL_Driver/Src/stm32f1xx_hal_pcd.o
                0x0000000008001bf2                HAL_PCD_EP_GetRxCount
 .text.HAL_PCD_EP_Transmit
                0x0000000008001c20       0x86 ./Drivers/STM32F1xx_HAL_Driver/Src/stm32f1xx_hal_pcd.o
                0x0000000008001c20                HAL_PCD_EP_Transmit
 .text.HAL_PCD_EP_SetStall
                0x0000000008001ca6       0xc0 ./Drivers/STM32F1xx_HAL_Driver/Src/stm32f1xx_hal_pcd.o
                0x0000000008001ca6                HAL_PCD_EP_SetStall
 .text.HAL_PCD_EP_ClrStall
                0x0000000008001d66       0xa8 ./Drivers/STM32F1xx_HAL_Driver/Src/stm32f1xx_hal_pcd.o
                0x0000000008001d66                HAL_PCD_EP_ClrStall
 .text.PCD_EP_ISR_Handler
                0x0000000008001e0e      0x600 ./Drivers/STM32F1xx_HAL_Driver/Src/stm32f1xx_hal_pcd.o
 .text.HAL_PCD_EP_DB_Receive
                0x000000000800240e      0x21a ./Drivers/STM32F1xx_HAL_Driver/Src/stm32f1xx_hal_pcd.o
 .text.HAL_PCD_EP_DB_Transmit
                0x0000000008002628      0x7a4 ./Drivers/STM32F1xx_HAL_Driver/Src/stm32f1xx_hal_pcd.o
 .text.HAL_PCDEx_PMAConfig
                0x0000000008002dcc       0x84 ./Drivers/STM32F1xx_HAL_Driver/Src/stm32f1xx_hal_pcd_ex.o
                0x0000000008002dcc                HAL_PCDEx_PMAConfig
 .text.HAL_RCC_OscConfig
                0x0000000008002e50      0x504 ./Drivers/STM32F1xx_HAL_Driver/Src/stm32f1xx_hal_rcc.o
                0x0000000008002e50                HAL_RCC_OscConfig
 .text.HAL_RCC_ClockConfig
                0x0000000008003354      0x1d4 ./Drivers/STM32F1xx_HAL_Driver/Src/stm32f1xx_hal_rcc.o
                0x0000000008003354                HAL_RCC_ClockConfig
 .text.HAL_RCC_GetSysClockFreq
                0x0000000008003528       0xbc ./Drivers/STM32F1xx_HAL_Driver/Src/stm32f1xx_hal_rcc.o
                0x0000000008003528                HAL_RCC_GetSysClockFreq
 .text.RCC_Delay
                0x00000000080035e4       0x3c ./Drivers/STM32F1xx_HAL_Driver/Src/stm32f1xx_hal_rcc.o
 .text.HAL_RCCEx_PeriphCLKConfig
                0x0000000008003620      0x16c ./Drivers/STM32F1xx_HAL_Driver/Src/stm32f1xx_hal_rcc_ex.o
                0x0000000008003620                HAL_RCCEx_PeriphCLKConfig
 .text.HAL_SPI_Init
                0x000000000800378c      0x108 ./Drivers/STM32F1xx_HAL_Driver/Src/stm32f1xx_hal_spi.o
                0x000000000800378c                HAL_SPI_Init
 .text.HAL_SPI_Transmit
                0x0000000008003894      0x278 ./Drivers/STM32F1xx_HAL_Driver/Src/stm32f1xx_hal_spi.o
                0x0000000008003894                HAL_SPI_Transmit
 .text.HAL_SPI_Receive
                0x0000000008003b0c      0x222 ./Drivers/STM32F1xx_HAL_Driver/Src/stm32f1xx_hal_spi.o
                0x0000000008003b0c                HAL_SPI_Receive
 .text.HAL_SPI_TransmitReceive
                0x0000000008003d2e      0x344 ./Drivers/STM32F1xx_HAL_Driver/Src/stm32f1xx_hal_spi.o
                0x0000000008003d2e                HAL_SPI_TransmitReceive
 .text.HAL_SPI_GetState
                0x0000000008004072       0x1a ./Drivers/STM32F1xx_HAL_Driver/Src/stm32f1xx_hal_spi.o
                0x0000000008004072                HAL_SPI_GetState
 .text.SPI_WaitFlagStateUntilTimeout
                0x000000000800408c      0x110 ./Drivers/STM32F1xx_HAL_Driver/Src/stm32f1xx_hal_spi.o
 .text.SPI_EndRxTransaction
                0x000000000800419c       0xa4 ./Drivers/STM32F1xx_HAL_Driver/Src/stm32f1xx_hal_spi.o
 .text.SPI_EndRxTxTransaction
                0x0000000008004240       0x3c ./Drivers/STM32F1xx_HAL_Driver/Src/stm32f1xx_hal_spi.o
 .text.USB_CoreInit
                0x000000000800427c       0x20 ./Drivers/STM32F1xx_HAL_Driver/Src/stm32f1xx_ll_usb.o
                0x000000000800427c                USB_CoreInit
 .text.USB_EnableGlobalInt
                0x000000000800429c       0x2c ./Drivers/STM32F1xx_HAL_Driver/Src/stm32f1xx_ll_usb.o
                0x000000000800429c                USB_EnableGlobalInt
 .text.USB_DisableGlobalInt
                0x00000000080042c8       0x34 ./Drivers/STM32F1xx_HAL_Driver/Src/stm32f1xx_ll_usb.o
                0x00000000080042c8                USB_DisableGlobalInt
 .text.USB_SetCurrentMode
                0x00000000080042fc       0x18 ./Drivers/STM32F1xx_HAL_Driver/Src/stm32f1xx_ll_usb.o
                0x00000000080042fc                USB_SetCurrentMode
 .text.USB_DevInit
                0x0000000008004314       0x40 ./Drivers/STM32F1xx_HAL_Driver/Src/stm32f1xx_ll_usb.o
                0x0000000008004314                USB_DevInit
 .text.USB_ActivateEndpoint
                0x0000000008004354      0x6d4 ./Drivers/STM32F1xx_HAL_Driver/Src/stm32f1xx_ll_usb.o
                0x0000000008004354                USB_ActivateEndpoint
 .text.USB_DeactivateEndpoint
                0x0000000008004a28      0x3d8 ./Drivers/STM32F1xx_HAL_Driver/Src/stm32f1xx_ll_usb.o
                0x0000000008004a28                USB_DeactivateEndpoint
 .text.USB_EPStartXfer
                0x0000000008004e00     0x1c70 ./Drivers/STM32F1xx_HAL_Driver/Src/stm32f1xx_ll_usb.o
                0x0000000008004e00                USB_EPStartXfer
 .text.USB_EPSetStall
                0x0000000008006a70       0xa0 ./Drivers/STM32F1xx_HAL_Driver/Src/stm32f1xx_ll_usb.o
                0x0000000008006a70                USB_EPSetStall
 .text.USB_EPClearStall
                0x0000000008006b10      0x15a ./Drivers/STM32F1xx_HAL_Driver/Src/stm32f1xx_ll_usb.o
                0x0000000008006b10                USB_EPClearStall
 .text.USB_SetDevAddress
                0x0000000008006c6a       0x26 ./Drivers/STM32F1xx_HAL_Driver/Src/stm32f1xx_ll_usb.o
                0x0000000008006c6a                USB_SetDevAddress
 .text.USB_DevConnect
                0x0000000008006c90       0x14 ./Drivers/STM32F1xx_HAL_Driver/Src/stm32f1xx_ll_usb.o
                0x0000000008006c90                USB_DevConnect
 .text.USB_DevDisconnect
                0x0000000008006ca4       0x14 ./Drivers/STM32F1xx_HAL_Driver/Src/stm32f1xx_ll_usb.o
                0x0000000008006ca4                USB_DevDisconnect
 .text.USB_ReadInterrupts
                0x0000000008006cb8       0x1e ./Drivers/STM32F1xx_HAL_Driver/Src/stm32f1xx_ll_usb.o
                0x0000000008006cb8                USB_ReadInterrupts
 .text.USB_EP0_OutStart
                0x0000000008006cd6       0x16 ./Drivers/STM32F1xx_HAL_Driver/Src/stm32f1xx_ll_usb.o
                0x0000000008006cd6                USB_EP0_OutStart
 .text.USB_WritePMA
                0x0000000008006cec       0x8a ./Drivers/STM32F1xx_HAL_Driver/Src/stm32f1xx_ll_usb.o
                0x0000000008006cec                USB_WritePMA
 .text.USB_ReadPMA
                0x0000000008006d76       0x9e ./Drivers/STM32F1xx_HAL_Driver/Src/stm32f1xx_ll_usb.o
                0x0000000008006d76                USB_ReadPMA
 .text.USBD_CDC_Init
                0x0000000008006e14       0xf4 ./Middlewares/ST/STM32_USB_Device_Library/Class/CDC/Src/usbd_cdc.o
 .text.USBD_CDC_DeInit
                0x0000000008006f08       0x6e ./Middlewares/ST/STM32_USB_Device_Library/Class/CDC/Src/usbd_cdc.o
 .text.USBD_CDC_Setup
                0x0000000008006f76      0x146 ./Middlewares/ST/STM32_USB_Device_Library/Class/CDC/Src/usbd_cdc.o
 .text.USBD_CDC_DataIn
                0x00000000080070bc       0xa6 ./Middlewares/ST/STM32_USB_Device_Library/Class/CDC/Src/usbd_cdc.o
 .text.USBD_CDC_DataOut
                0x0000000008007162       0x56 ./Middlewares/ST/STM32_USB_Device_Library/Class/CDC/Src/usbd_cdc.o
 .text.USBD_CDC_EP0_RxReady
                0x00000000080071b8       0x50 ./Middlewares/ST/STM32_USB_Device_Library/Class/CDC/Src/usbd_cdc.o
 .text.USBD_CDC_GetFSCfgDesc
                0x0000000008007208       0x20 ./Middlewares/ST/STM32_USB_Device_Library/Class/CDC/Src/usbd_cdc.o
 .text.USBD_CDC_GetHSCfgDesc
                0x0000000008007228       0x20 ./Middlewares/ST/STM32_USB_Device_Library/Class/CDC/Src/usbd_cdc.o
 .text.USBD_CDC_GetOtherSpeedCfgDesc
                0x0000000008007248       0x20 ./Middlewares/ST/STM32_USB_Device_Library/Class/CDC/Src/usbd_cdc.o
 .text.USBD_CDC_GetDeviceQualifierDescriptor
                0x0000000008007268       0x20 ./Middlewares/ST/STM32_USB_Device_Library/Class/CDC/Src/usbd_cdc.o
                0x0000000008007268                USBD_CDC_GetDeviceQualifierDescriptor
 .text.USBD_CDC_RegisterInterface
                0x0000000008007288       0x2c ./Middlewares/ST/STM32_USB_Device_Library/Class/CDC/Src/usbd_cdc.o
                0x0000000008007288                USBD_CDC_RegisterInterface
 .text.USBD_CDC_SetTxBuffer
                0x00000000080072b4       0x32 ./Middlewares/ST/STM32_USB_Device_Library/Class/CDC/Src/usbd_cdc.o
                0x00000000080072b4                USBD_CDC_SetTxBuffer
 .text.USBD_CDC_SetRxBuffer
                0x00000000080072e6       0x26 ./Middlewares/ST/STM32_USB_Device_Library/Class/CDC/Src/usbd_cdc.o
                0x00000000080072e6                USBD_CDC_SetRxBuffer
 .text.USBD_CDC_TransmitPacket
                0x000000000800730c       0x5e ./Middlewares/ST/STM32_USB_Device_Library/Class/CDC/Src/usbd_cdc.o
                0x000000000800730c                USBD_CDC_TransmitPacket
 .text.USBD_CDC_ReceivePacket
                0x000000000800736a       0x54 ./Middlewares/ST/STM32_USB_Device_Library/Class/CDC/Src/usbd_cdc.o
                0x000000000800736a                USBD_CDC_ReceivePacket
 .text.USBD_Init
                0x00000000080073be       0x56 ./Middlewares/ST/STM32_USB_Device_Library/Core/Src/usbd_core.o
                0x00000000080073be                USBD_Init
 .text.USBD_RegisterClass
                0x0000000008007414       0x32 ./Middlewares/ST/STM32_USB_Device_Library/Core/Src/usbd_core.o
                0x0000000008007414                USBD_RegisterClass
 .text.USBD_Start
                0x0000000008007446       0x18 ./Middlewares/ST/STM32_USB_Device_Library/Core/Src/usbd_core.o
                0x0000000008007446                USBD_Start
 .text.USBD_RunTestMode
                0x000000000800745e       0x14 ./Middlewares/ST/STM32_USB_Device_Library/Core/Src/usbd_core.o
                0x000000000800745e                USBD_RunTestMode
 .text.USBD_SetClassConfig
                0x0000000008007472       0x3e ./Middlewares/ST/STM32_USB_Device_Library/Core/Src/usbd_core.o
                0x0000000008007472                USBD_SetClassConfig
 .text.USBD_ClrClassConfig
                0x00000000080074b0       0x26 ./Middlewares/ST/STM32_USB_Device_Library/Core/Src/usbd_core.o
                0x00000000080074b0                USBD_ClrClassConfig
 .text.USBD_LL_SetupStage
                0x00000000080074d6       0x9a ./Middlewares/ST/STM32_USB_Device_Library/Core/Src/usbd_core.o
                0x00000000080074d6                USBD_LL_SetupStage
 .text.USBD_LL_DataOutStage
                0x0000000008007570       0xe2 ./Middlewares/ST/STM32_USB_Device_Library/Core/Src/usbd_core.o
                0x0000000008007570                USBD_LL_DataOutStage
 .text.USBD_LL_DataInStage
                0x0000000008007652      0x14a ./Middlewares/ST/STM32_USB_Device_Library/Core/Src/usbd_core.o
                0x0000000008007652                USBD_LL_DataInStage
 .text.USBD_LL_Reset
                0x000000000800779c       0x82 ./Middlewares/ST/STM32_USB_Device_Library/Core/Src/usbd_core.o
                0x000000000800779c                USBD_LL_Reset
 .text.USBD_LL_SetSpeed
                0x000000000800781e       0x1e ./Middlewares/ST/STM32_USB_Device_Library/Core/Src/usbd_core.o
                0x000000000800781e                USBD_LL_SetSpeed
 .text.USBD_LL_Suspend
                0x000000000800783c       0x28 ./Middlewares/ST/STM32_USB_Device_Library/Core/Src/usbd_core.o
                0x000000000800783c                USBD_LL_Suspend
 .text.USBD_LL_Resume
                0x0000000008007864       0x2a ./Middlewares/ST/STM32_USB_Device_Library/Core/Src/usbd_core.o
                0x0000000008007864                USBD_LL_Resume
 .text.USBD_LL_SOF
                0x000000000800788e       0x34 ./Middlewares/ST/STM32_USB_Device_Library/Core/Src/usbd_core.o
                0x000000000800788e                USBD_LL_SOF
 *fill*         0x00000000080078c2        0x2 
 .text.USBD_StdDevReq
                0x00000000080078c4       0xd4 ./Middlewares/ST/STM32_USB_Device_Library/Core/Src/usbd_ctlreq.o
                0x00000000080078c4                USBD_StdDevReq
 .text.USBD_StdItfReq
                0x0000000008007998       0x90 ./Middlewares/ST/STM32_USB_Device_Library/Core/Src/usbd_ctlreq.o
                0x0000000008007998                USBD_StdItfReq
 .text.USBD_StdEPReq
                0x0000000008007a28      0x2c6 ./Middlewares/ST/STM32_USB_Device_Library/Core/Src/usbd_ctlreq.o
                0x0000000008007a28                USBD_StdEPReq
 *fill*         0x0000000008007cee        0x2 
 .text.USBD_GetDescriptor
                0x0000000008007cf0      0x2d0 ./Middlewares/ST/STM32_USB_Device_Library/Core/Src/usbd_ctlreq.o
 .text.USBD_SetAddress
                0x0000000008007fc0       0x86 ./Middlewares/ST/STM32_USB_Device_Library/Core/Src/usbd_ctlreq.o
 *fill*         0x0000000008008046        0x2 
 .text.USBD_SetConfig
                0x0000000008008048      0x11c ./Middlewares/ST/STM32_USB_Device_Library/Core/Src/usbd_ctlreq.o
 .text.USBD_GetConfig
                0x0000000008008164       0x6a ./Middlewares/ST/STM32_USB_Device_Library/Core/Src/usbd_ctlreq.o
 .text.USBD_GetStatus
                0x00000000080081ce       0x66 ./Middlewares/ST/STM32_USB_Device_Library/Core/Src/usbd_ctlreq.o
 .text.USBD_SetFeature
                0x0000000008008234       0x28 ./Middlewares/ST/STM32_USB_Device_Library/Core/Src/usbd_ctlreq.o
 .text.USBD_ClrFeature
                0x000000000800825c       0x42 ./Middlewares/ST/STM32_USB_Device_Library/Core/Src/usbd_ctlreq.o
 .text.USBD_ParseSetupRequest
                0x000000000800829e       0x78 ./Middlewares/ST/STM32_USB_Device_Library/Core/Src/usbd_ctlreq.o
                0x000000000800829e                USBD_ParseSetupRequest
 .text.USBD_CtlError
                0x0000000008008316       0x22 ./Middlewares/ST/STM32_USB_Device_Library/Core/Src/usbd_ctlreq.o
                0x0000000008008316                USBD_CtlError
 .text.USBD_GetString
                0x0000000008008338       0x84 ./Middlewares/ST/STM32_USB_Device_Library/Core/Src/usbd_ctlreq.o
                0x0000000008008338                USBD_GetString
 .text.USBD_GetLen
                0x00000000080083bc       0x2e ./Middlewares/ST/STM32_USB_Device_Library/Core/Src/usbd_ctlreq.o
 .text.USBD_CtlSendData
                0x00000000080083ea       0x38 ./Middlewares/ST/STM32_USB_Device_Library/Core/Src/usbd_ioreq.o
                0x00000000080083ea                USBD_CtlSendData
 .text.USBD_CtlContinueSendData
                0x0000000008008422       0x24 ./Middlewares/ST/STM32_USB_Device_Library/Core/Src/usbd_ioreq.o
                0x0000000008008422                USBD_CtlContinueSendData
 .text.USBD_CtlPrepareRx
                0x0000000008008446       0x3c ./Middlewares/ST/STM32_USB_Device_Library/Core/Src/usbd_ioreq.o
                0x0000000008008446                USBD_CtlPrepareRx
 .text.USBD_CtlContinueRx
                0x0000000008008482       0x24 ./Middlewares/ST/STM32_USB_Device_Library/Core/Src/usbd_ioreq.o
                0x0000000008008482                USBD_CtlContinueRx
 .text.USBD_CtlSendStatus
                0x00000000080084a6       0x26 ./Middlewares/ST/STM32_USB_Device_Library/Core/Src/usbd_ioreq.o
                0x00000000080084a6                USBD_CtlSendStatus
 .text.USBD_CtlReceiveStatus
                0x00000000080084cc       0x26 ./Middlewares/ST/STM32_USB_Device_Library/Core/Src/usbd_ioreq.o
                0x00000000080084cc                USBD_CtlReceiveStatus
 *fill*         0x00000000080084f2        0x2 
 .text.MX_USB_DEVICE_Init
                0x00000000080084f4       0x60 ./USB_DEVICE/App/usb_device.o
                0x00000000080084f4                MX_USB_DEVICE_Init
 .text.CDC_Init_FS
                0x0000000008008554       0x28 ./USB_DEVICE/App/usbd_cdc_if.o
 .text.CDC_DeInit_FS
                0x000000000800857c        0xe ./USB_DEVICE/App/usbd_cdc_if.o
 *fill*         0x000000000800858a        0x2 
 .text.CDC_Control_FS
                0x000000000800858c       0xbc ./USB_DEVICE/App/usbd_cdc_if.o
 .text.CDC_Receive_FS
                0x0000000008008648       0x28 ./USB_DEVICE/App/usbd_cdc_if.o
 .text.CDC_Transmit_FS
                0x0000000008008670       0x4c ./USB_DEVICE/App/usbd_cdc_if.o
                0x0000000008008670                CDC_Transmit_FS
 .text.USBD_FS_DeviceDescriptor
                0x00000000080086bc       0x24 ./USB_DEVICE/App/usbd_desc.o
                0x00000000080086bc                USBD_FS_DeviceDescriptor
 .text.USBD_FS_LangIDStrDescriptor
                0x00000000080086e0       0x24 ./USB_DEVICE/App/usbd_desc.o
                0x00000000080086e0                USBD_FS_LangIDStrDescriptor
 .text.USBD_FS_ProductStrDescriptor
                0x0000000008008704       0x3c ./USB_DEVICE/App/usbd_desc.o
                0x0000000008008704                USBD_FS_ProductStrDescriptor
 .text.USBD_FS_ManufacturerStrDescriptor
                0x0000000008008740       0x28 ./USB_DEVICE/App/usbd_desc.o
                0x0000000008008740                USBD_FS_ManufacturerStrDescriptor
 .text.USBD_FS_SerialStrDescriptor
                0x0000000008008768       0x24 ./USB_DEVICE/App/usbd_desc.o
                0x0000000008008768                USBD_FS_SerialStrDescriptor
 .text.USBD_FS_ConfigStrDescriptor
                0x000000000800878c       0x3c ./USB_DEVICE/App/usbd_desc.o
                0x000000000800878c                USBD_FS_ConfigStrDescriptor
 .text.USBD_FS_InterfaceStrDescriptor
                0x00000000080087c8       0x3c ./USB_DEVICE/App/usbd_desc.o
                0x00000000080087c8                USBD_FS_InterfaceStrDescriptor
 .text.Get_SerialNum
                0x0000000008008804       0x58 ./USB_DEVICE/App/usbd_desc.o
 .text.IntToUnicode
                0x000000000800885c       0x7c ./USB_DEVICE/App/usbd_desc.o
 .text.HAL_PCD_MspInit
                0x00000000080088d8       0x4c ./USB_DEVICE/Target/usbd_conf.o
                0x00000000080088d8                HAL_PCD_MspInit
 .text.HAL_PCD_SetupStageCallback
                0x0000000008008924       0x24 ./USB_DEVICE/Target/usbd_conf.o
                0x0000000008008924                HAL_PCD_SetupStageCallback
 .text.HAL_PCD_DataOutStageCallback
                0x0000000008008948       0x36 ./USB_DEVICE/Target/usbd_conf.o
                0x0000000008008948                HAL_PCD_DataOutStageCallback
 .text.HAL_PCD_DataInStageCallback
                0x000000000800897e       0x34 ./USB_DEVICE/Target/usbd_conf.o
                0x000000000800897e                HAL_PCD_DataInStageCallback
 .text.HAL_PCD_SOFCallback
                0x00000000080089b2       0x1c ./USB_DEVICE/Target/usbd_conf.o
                0x00000000080089b2                HAL_PCD_SOFCallback
 .text.HAL_PCD_ResetCallback
                0x00000000080089ce       0x3c ./USB_DEVICE/Target/usbd_conf.o
                0x00000000080089ce                HAL_PCD_ResetCallback
 *fill*         0x0000000008008a0a        0x2 
 .text.HAL_PCD_SuspendCallback
                0x0000000008008a0c       0x34 ./USB_DEVICE/Target/usbd_conf.o
                0x0000000008008a0c                HAL_PCD_SuspendCallback
 .text.HAL_PCD_ResumeCallback
                0x0000000008008a40       0x1c ./USB_DEVICE/Target/usbd_conf.o
                0x0000000008008a40                HAL_PCD_ResumeCallback
 .text.USBD_LL_Init
                0x0000000008008a5c       0xb4 ./USB_DEVICE/Target/usbd_conf.o
                0x0000000008008a5c                USBD_LL_Init
 .text.USBD_LL_Start
                0x0000000008008b10       0x36 ./USB_DEVICE/Target/usbd_conf.o
                0x0000000008008b10                USBD_LL_Start
 .text.USBD_LL_OpenEP
                0x0000000008008b46       0x4c ./USB_DEVICE/Target/usbd_conf.o
                0x0000000008008b46                USBD_LL_OpenEP
 .text.USBD_LL_CloseEP
                0x0000000008008b92       0x3e ./USB_DEVICE/Target/usbd_conf.o
                0x0000000008008b92                USBD_LL_CloseEP
 .text.USBD_LL_StallEP
                0x0000000008008bd0       0x3e ./USB_DEVICE/Target/usbd_conf.o
                0x0000000008008bd0                USBD_LL_StallEP
 .text.USBD_LL_ClearStallEP
                0x0000000008008c0e       0x3e ./USB_DEVICE/Target/usbd_conf.o
                0x0000000008008c0e                USBD_LL_ClearStallEP
 .text.USBD_LL_IsStallEP
                0x0000000008008c4c       0x58 ./USB_DEVICE/Target/usbd_conf.o
                0x0000000008008c4c                USBD_LL_IsStallEP
 .text.USBD_LL_SetUSBAddress
                0x0000000008008ca4       0x3e ./USB_DEVICE/Target/usbd_conf.o
                0x0000000008008ca4                USBD_LL_SetUSBAddress
 .text.USBD_LL_Transmit
                0x0000000008008ce2       0x46 ./USB_DEVICE/Target/usbd_conf.o
                0x0000000008008ce2                USBD_LL_Transmit
 .text.USBD_LL_PrepareReceive
                0x0000000008008d28       0x46 ./USB_DEVICE/Target/usbd_conf.o
                0x0000000008008d28                USBD_LL_PrepareReceive
 .text.USBD_LL_GetRxDataSize
                0x0000000008008d6e       0x26 ./USB_DEVICE/Target/usbd_conf.o
                0x0000000008008d6e                USBD_LL_GetRxDataSize
 .text.USBD_static_malloc
                0x0000000008008d94       0x18 ./USB_DEVICE/Target/usbd_conf.o
                0x0000000008008d94                USBD_static_malloc
 .text.USBD_static_free
                0x0000000008008dac       0x12 ./USB_DEVICE/Target/usbd_conf.o
                0x0000000008008dac                USBD_static_free
 .text.HAL_PCDEx_SetConnectionState
                0x0000000008008dbe       0x16 ./USB_DEVICE/Target/usbd_conf.o
                0x0000000008008dbe                HAL_PCDEx_SetConnectionState
 .text.USBD_Get_USB_Status
                0x0000000008008dd4       0x58 ./USB_DEVICE/Target/usbd_conf.o
 .text.__libc_init_array
                0x0000000008008e2c       0x48 c:/st/stm32cubeide_1.10.1/stm32cubeide/plugins/com.st.stm32cube.ide.mcu.externaltools.gnu-tools-for-stm32.10.3-2021.10.win32_1.0.0.202111181127/tools/bin/../lib/gcc/arm-none-eabi/10.3.1/../../../../arm-none-eabi/lib/thumb/v7-m/nofp\libc_nano.a(lib_a-init.o)
                0x0000000008008e2c                __libc_init_array
 .text.memset   0x0000000008008e74       0x10 c:/st/stm32cubeide_1.10.1/stm32cubeide/plugins/com.st.stm32cube.ide.mcu.externaltools.gnu-tools-for-stm32.10.3-2021.10.win32_1.0.0.202111181127/tools/bin/../lib/gcc/arm-none-eabi/10.3.1/../../../../arm-none-eabi/lib/thumb/v7-m/nofp\libc_nano.a(lib_a-memset.o)
                0x0000000008008e74                memset
 *(.glue_7)
 .glue_7        0x0000000008008e84        0x0 linker stubs
 *(.glue_7t)
 .glue_7t       0x0000000008008e84        0x0 linker stubs
 *(.eh_frame)
 .eh_frame      0x0000000008008e84        0x0 c:/st/stm32cubeide_1.10.1/stm32cubeide/plugins/com.st.stm32cube.ide.mcu.externaltools.gnu-tools-for-stm32.10.3-2021.10.win32_1.0.0.202111181127/tools/bin/../lib/gcc/arm-none-eabi/10.3.1/thumb/v7-m/nofp/crtbegin.o
 *(.init)
 .init          0x0000000008008e84        0x4 c:/st/stm32cubeide_1.10.1/stm32cubeide/plugins/com.st.stm32cube.ide.mcu.externaltools.gnu-tools-for-stm32.10.3-2021.10.win32_1.0.0.202111181127/tools/bin/../lib/gcc/arm-none-eabi/10.3.1/thumb/v7-m/nofp/crti.o
                0x0000000008008e84                _init
 .init          0x0000000008008e88        0x8 c:/st/stm32cubeide_1.10.1/stm32cubeide/plugins/com.st.stm32cube.ide.mcu.externaltools.gnu-tools-for-stm32.10.3-2021.10.win32_1.0.0.202111181127/tools/bin/../lib/gcc/arm-none-eabi/10.3.1/thumb/v7-m/nofp/crtn.o
 *(.fini)
 .fini          0x0000000008008e90        0x4 c:/st/stm32cubeide_1.10.1/stm32cubeide/plugins/com.st.stm32cube.ide.mcu.externaltools.gnu-tools-for-stm32.10.3-2021.10.win32_1.0.0.202111181127/tools/bin/../lib/gcc/arm-none-eabi/10.3.1/thumb/v7-m/nofp/crti.o
                0x0000000008008e90                _fini
 .fini          0x0000000008008e94        0x8 c:/st/stm32cubeide_1.10.1/stm32cubeide/plugins/com.st.stm32cube.ide.mcu.externaltools.gnu-tools-for-stm32.10.3-2021.10.win32_1.0.0.202111181127/tools/bin/../lib/gcc/arm-none-eabi/10.3.1/thumb/v7-m/nofp/crtn.o
                0x0000000008008e9c                . = ALIGN (0x4)
                0x0000000008008e9c                _etext = .

.vfp11_veneer   0x0000000008008e9c        0x0
 .vfp11_veneer  0x0000000008008e9c        0x0 linker stubs

.v4_bx          0x0000000008008e9c        0x0
 .v4_bx         0x0000000008008e9c        0x0 linker stubs

.iplt           0x0000000008008e9c        0x0
 .iplt          0x0000000008008e9c        0x0 c:/st/stm32cubeide_1.10.1/stm32cubeide/plugins/com.st.stm32cube.ide.mcu.externaltools.gnu-tools-for-stm32.10.3-2021.10.win32_1.0.0.202111181127/tools/bin/../lib/gcc/arm-none-eabi/10.3.1/thumb/v7-m/nofp/crtbegin.o

.rodata         0x0000000008008e9c       0x78
                0x0000000008008e9c                . = ALIGN (0x4)
 *(.rodata)
 .rodata        0x0000000008008e9c        0xd ./Core/Src/nrf24l01.o
 *fill*         0x0000000008008ea9        0x3 
 .rodata        0x0000000008008eac       0x10 ./Drivers/STM32F1xx_HAL_Driver/Src/stm32f1xx_hal_rcc.o
 .rodata        0x0000000008008ebc       0x46 ./USB_DEVICE/App/usbd_desc.o
 *(.rodata*)
 *fill*         0x0000000008008f02        0x2 
 .rodata.AHBPrescTable
                0x0000000008008f04       0x10 ./Core/Src/system_stm32f1xx.o
                0x0000000008008f04                AHBPrescTable
                0x0000000008008f14                . = ALIGN (0x4)

.rel.dyn        0x0000000008008f14        0x0
 .rel.iplt      0x0000000008008f14        0x0 c:/st/stm32cubeide_1.10.1/stm32cubeide/plugins/com.st.stm32cube.ide.mcu.externaltools.gnu-tools-for-stm32.10.3-2021.10.win32_1.0.0.202111181127/tools/bin/../lib/gcc/arm-none-eabi/10.3.1/thumb/v7-m/nofp/crtbegin.o

.ARM.extab      0x0000000008008f14        0x0
                0x0000000008008f14                . = ALIGN (0x4)
 *(.ARM.extab* .gnu.linkonce.armextab.*)
                0x0000000008008f14                . = ALIGN (0x4)

.ARM            0x0000000008008f14        0x0
                0x0000000008008f14                . = ALIGN (0x4)
                0x0000000008008f14                __exidx_start = .
 *(.ARM.exidx*)
                0x0000000008008f14                __exidx_end = .
                0x0000000008008f14                . = ALIGN (0x4)

.preinit_array  0x0000000008008f14        0x0
                0x0000000008008f14                . = ALIGN (0x4)
                0x0000000008008f14                PROVIDE (__preinit_array_start = .)
 *(.preinit_array*)
                0x0000000008008f14                PROVIDE (__preinit_array_end = .)
                0x0000000008008f14                . = ALIGN (0x4)

.init_array     0x0000000008008f14        0x4
                0x0000000008008f14                . = ALIGN (0x4)
                0x0000000008008f14                PROVIDE (__init_array_start = .)
 *(SORT_BY_NAME(.init_array.*))
 *(.init_array*)
 .init_array    0x0000000008008f14        0x4 c:/st/stm32cubeide_1.10.1/stm32cubeide/plugins/com.st.stm32cube.ide.mcu.externaltools.gnu-tools-for-stm32.10.3-2021.10.win32_1.0.0.202111181127/tools/bin/../lib/gcc/arm-none-eabi/10.3.1/thumb/v7-m/nofp/crtbegin.o
                0x0000000008008f18                PROVIDE (__init_array_end = .)
                0x0000000008008f18                . = ALIGN (0x4)

.fini_array     0x0000000008008f18        0x4
                0x0000000008008f18                . = ALIGN (0x4)
                [!provide]                        PROVIDE (__fini_array_start = .)
 *(SORT_BY_NAME(.fini_array.*))
 *(.fini_array*)
 .fini_array    0x0000000008008f18        0x4 c:/st/stm32cubeide_1.10.1/stm32cubeide/plugins/com.st.stm32cube.ide.mcu.externaltools.gnu-tools-for-stm32.10.3-2021.10.win32_1.0.0.202111181127/tools/bin/../lib/gcc/arm-none-eabi/10.3.1/thumb/v7-m/nofp/crtbegin.o
                [!provide]                        PROVIDE (__fini_array_end = .)
                0x0000000008008f1c                . = ALIGN (0x4)
                0x0000000008008f1c                _sidata = LOADADDR (.data)

.data           0x0000000020000000      0x19c load address 0x0000000008008f1c
                0x0000000020000000                . = ALIGN (0x4)
                0x0000000020000000                _sdata = .
 *(.data)
 *(.data*)
 .data.rxAddr1  0x0000000020000000        0x5 ./Core/Src/main.o
                0x0000000020000000                rxAddr1
 *fill*         0x0000000020000005        0x3 
 .data.rxAddr2  0x0000000020000008        0x5 ./Core/Src/main.o
                0x0000000020000008                rxAddr2
 *fill*         0x000000002000000d        0x3 
 .data.rxAddr3  0x0000000020000010        0x5 ./Core/Src/main.o
                0x0000000020000010                rxAddr3
 *fill*         0x0000000020000015        0x3 
 .data.rxAddr4  0x0000000020000018        0x5 ./Core/Src/main.o
                0x0000000020000018                rxAddr4
 *fill*         0x000000002000001d        0x3 
 .data.SystemCoreClock
                0x0000000020000020        0x4 ./Core/Src/system_stm32f1xx.o
                0x0000000020000020                SystemCoreClock
 .data.uwTickPrio
                0x0000000020000024        0x4 ./Drivers/STM32F1xx_HAL_Driver/Src/stm32f1xx_hal.o
                0x0000000020000024                uwTickPrio
 .data.uwTickFreq
                0x0000000020000028        0x1 ./Drivers/STM32F1xx_HAL_Driver/Src/stm32f1xx_hal.o
                0x0000000020000028                uwTickFreq
 *fill*         0x0000000020000029        0x3 
 .data.USBD_CDC_DeviceQualifierDesc
                0x000000002000002c        0xa ./Middlewares/ST/STM32_USB_Device_Library/Class/CDC/Src/usbd_cdc.o
 *fill*         0x0000000020000036        0x2 
 .data.USBD_CDC
                0x0000000020000038       0x38 ./Middlewares/ST/STM32_USB_Device_Library/Class/CDC/Src/usbd_cdc.o
                0x0000000020000038                USBD_CDC
 .data.USBD_CDC_CfgHSDesc
                0x0000000020000070       0x43 ./Middlewares/ST/STM32_USB_Device_Library/Class/CDC/Src/usbd_cdc.o
                0x0000000020000070                USBD_CDC_CfgHSDesc
 *fill*         0x00000000200000b3        0x1 
 .data.USBD_CDC_CfgFSDesc
                0x00000000200000b4       0x43 ./Middlewares/ST/STM32_USB_Device_Library/Class/CDC/Src/usbd_cdc.o
                0x00000000200000b4                USBD_CDC_CfgFSDesc
 *fill*         0x00000000200000f7        0x1 
 .data.USBD_CDC_OtherSpeedCfgDesc
                0x00000000200000f8       0x43 ./Middlewares/ST/STM32_USB_Device_Library/Class/CDC/Src/usbd_cdc.o
                0x00000000200000f8                USBD_CDC_OtherSpeedCfgDesc
 *fill*         0x000000002000013b        0x1 
 .data.USBD_Interface_fops_FS
                0x000000002000013c       0x10 ./USB_DEVICE/App/usbd_cdc_if.o
                0x000000002000013c                USBD_Interface_fops_FS
 .data.FS_Desc  0x000000002000014c       0x1c ./USB_DEVICE/App/usbd_desc.o
                0x000000002000014c                FS_Desc
 .data.USBD_FS_DeviceDesc
                0x0000000020000168       0x12 ./USB_DEVICE/App/usbd_desc.o
                0x0000000020000168                USBD_FS_DeviceDesc
 *fill*         0x000000002000017a        0x2 
 .data.USBD_LangIDDesc
                0x000000002000017c        0x4 ./USB_DEVICE/App/usbd_desc.o
                0x000000002000017c                USBD_LangIDDesc
 .data.USBD_StringSerial
                0x0000000020000180       0x1a ./USB_DEVICE/App/usbd_desc.o
                0x0000000020000180                USBD_StringSerial
 *(.RamFunc)
 *(.RamFunc*)
                0x000000002000019c                . = ALIGN (0x4)
 *fill*         0x000000002000019a        0x2 
                0x000000002000019c                _edata = .

.igot.plt       0x000000002000019c        0x0 load address 0x00000000080090b8
 .igot.plt      0x000000002000019c        0x0 c:/st/stm32cubeide_1.10.1/stm32cubeide/plugins/com.st.stm32cube.ide.mcu.externaltools.gnu-tools-for-stm32.10.3-2021.10.win32_1.0.0.202111181127/tools/bin/../lib/gcc/arm-none-eabi/10.3.1/thumb/v7-m/nofp/crtbegin.o
                0x000000002000019c                . = ALIGN (0x4)

.bss            0x000000002000019c     0x1254 load address 0x00000000080090b8
                0x000000002000019c                _sbss = .
                0x000000002000019c                __bss_start__ = _sbss
 *(.bss)
 .bss           0x000000002000019c       0x1c c:/st/stm32cubeide_1.10.1/stm32cubeide/plugins/com.st.stm32cube.ide.mcu.externaltools.gnu-tools-for-stm32.10.3-2021.10.win32_1.0.0.202111181127/tools/bin/../lib/gcc/arm-none-eabi/10.3.1/thumb/v7-m/nofp/crtbegin.o
 *(.bss*)
 .bss.hspi1     0x00000000200001b8       0x58 ./Core/Src/main.o
                0x00000000200001b8                hspi1
 .bss.nrfRx     0x0000000020000210       0x20 ./Core/Src/main.o
                0x0000000020000210                nrfRx
 .bss.rxData    0x0000000020000230       0x16 ./Core/Src/main.o
                0x0000000020000230                rxData
 *fill*         0x0000000020000246        0x2 
 .bss.uwTick    0x0000000020000248        0x4 ./Drivers/STM32F1xx_HAL_Driver/Src/stm32f1xx_hal.o
                0x0000000020000248                uwTick
 .bss.cfgidx.0  0x000000002000024c        0x1 ./Middlewares/ST/STM32_USB_Device_Library/Core/Src/usbd_ctlreq.o
 *fill*         0x000000002000024d        0x3 
 .bss.hUsbDeviceFS
                0x0000000020000250      0x2c4 ./USB_DEVICE/App/usb_device.o
                0x0000000020000250                hUsbDeviceFS
 .bss.UserRxBufferFS
                0x0000000020000514      0x3e8 ./USB_DEVICE/App/usbd_cdc_if.o
                0x0000000020000514                UserRxBufferFS
 .bss.UserTxBufferFS
                0x00000000200008fc      0x3e8 ./USB_DEVICE/App/usbd_cdc_if.o
                0x00000000200008fc                UserTxBufferFS
 .bss.USBD_StrDesc
                0x0000000020000ce4      0x200 ./USB_DEVICE/App/usbd_desc.o
                0x0000000020000ce4                USBD_StrDesc
 .bss.hpcd_USB_FS
                0x0000000020000ee4      0x2ec ./USB_DEVICE/Target/usbd_conf.o
                0x0000000020000ee4                hpcd_USB_FS
 .bss.mem.0     0x00000000200011d0      0x220 ./USB_DEVICE/Target/usbd_conf.o
 *(COMMON)
                0x00000000200013f0                . = ALIGN (0x4)
                0x00000000200013f0                _ebss = .
                0x00000000200013f0                __bss_end__ = _ebss

._user_heap_stack
                0x00000000200013f0      0x600 load address 0x00000000080090b8
                0x00000000200013f0                . = ALIGN (0x8)
                [!provide]                        PROVIDE (end = .)
                0x00000000200013f0                PROVIDE (_end = .)
                0x00000000200015f0                . = (. + _Min_Heap_Size)
 *fill*         0x00000000200013f0      0x200 
                0x00000000200019f0                . = (. + _Min_Stack_Size)
 *fill*         0x00000000200015f0      0x400 
                0x00000000200019f0                . = ALIGN (0x8)

/DISCARD/
 libc.a(*)
 libm.a(*)
 libgcc.a(*)

.ARM.attributes
                0x0000000000000000       0x29
 *(.ARM.attributes)
 .ARM.attributes
                0x0000000000000000       0x1d c:/st/stm32cubeide_1.10.1/stm32cubeide/plugins/com.st.stm32cube.ide.mcu.externaltools.gnu-tools-for-stm32.10.3-2021.10.win32_1.0.0.202111181127/tools/bin/../lib/gcc/arm-none-eabi/10.3.1/thumb/v7-m/nofp/crti.o
 .ARM.attributes
                0x000000000000001d       0x2d c:/st/stm32cubeide_1.10.1/stm32cubeide/plugins/com.st.stm32cube.ide.mcu.externaltools.gnu-tools-for-stm32.10.3-2021.10.win32_1.0.0.202111181127/tools/bin/../lib/gcc/arm-none-eabi/10.3.1/thumb/v7-m/nofp/crtbegin.o
 .ARM.attributes
                0x000000000000004a       0x2d ./Core/Src/main.o
 .ARM.attributes
                0x0000000000000077       0x2d ./Core/Src/nrf24l01.o
 .ARM.attributes
                0x00000000000000a4       0x2d ./Core/Src/stm32f1xx_hal_msp.o
 .ARM.attributes
                0x00000000000000d1       0x2d ./Core/Src/stm32f1xx_it.o
 .ARM.attributes
                0x00000000000000fe       0x2d ./Core/Src/system_stm32f1xx.o
 .ARM.attributes
                0x000000000000012b       0x21 ./Core/Startup/startup_stm32f103c8tx.o
 .ARM.attributes
                0x000000000000014c       0x2d ./Drivers/STM32F1xx_HAL_Driver/Src/stm32f1xx_hal.o
 .ARM.attributes
                0x0000000000000179       0x2d ./Drivers/STM32F1xx_HAL_Driver/Src/stm32f1xx_hal_cortex.o
 .ARM.attributes
                0x00000000000001a6       0x2d ./Drivers/STM32F1xx_HAL_Driver/Src/stm32f1xx_hal_gpio.o
 .ARM.attributes
                0x00000000000001d3       0x2d ./Drivers/STM32F1xx_HAL_Driver/Src/stm32f1xx_hal_pcd.o
 .ARM.attributes
                0x0000000000000200       0x2d ./Drivers/STM32F1xx_HAL_Driver/Src/stm32f1xx_hal_pcd_ex.o
 .ARM.attributes
                0x000000000000022d       0x2d ./Drivers/STM32F1xx_HAL_Driver/Src/stm32f1xx_hal_rcc.o
 .ARM.attributes
                0x000000000000025a       0x2d ./Drivers/STM32F1xx_HAL_Driver/Src/stm32f1xx_hal_rcc_ex.o
 .ARM.attributes
                0x0000000000000287       0x2d ./Drivers/STM32F1xx_HAL_Driver/Src/stm32f1xx_hal_spi.o
 .ARM.attributes
                0x00000000000002b4       0x2d ./Drivers/STM32F1xx_HAL_Driver/Src/stm32f1xx_ll_usb.o
 .ARM.attributes
                0x00000000000002e1       0x2d ./Middlewares/ST/STM32_USB_Device_Library/Class/CDC/Src/usbd_cdc.o
 .ARM.attributes
                0x000000000000030e       0x2d ./Middlewares/ST/STM32_USB_Device_Library/Core/Src/usbd_core.o
 .ARM.attributes
                0x000000000000033b       0x2d ./Middlewares/ST/STM32_USB_Device_Library/Core/Src/usbd_ctlreq.o
 .ARM.attributes
                0x0000000000000368       0x2d ./Middlewares/ST/STM32_USB_Device_Library/Core/Src/usbd_ioreq.o
 .ARM.attributes
                0x0000000000000395       0x2d ./USB_DEVICE/App/usb_device.o
 .ARM.attributes
                0x00000000000003c2       0x2d ./USB_DEVICE/App/usbd_cdc_if.o
 .ARM.attributes
                0x00000000000003ef       0x2d ./USB_DEVICE/App/usbd_desc.o
 .ARM.attributes
                0x000000000000041c       0x2d ./USB_DEVICE/Target/usbd_conf.o
 .ARM.attributes
                0x0000000000000449       0x2d c:/st/stm32cubeide_1.10.1/stm32cubeide/plugins/com.st.stm32cube.ide.mcu.externaltools.gnu-tools-for-stm32.10.3-2021.10.win32_1.0.0.202111181127/tools/bin/../lib/gcc/arm-none-eabi/10.3.1/../../../../arm-none-eabi/lib/thumb/v7-m/nofp\libc_nano.a(lib_a-init.o)
 .ARM.attributes
                0x0000000000000476       0x2d c:/st/stm32cubeide_1.10.1/stm32cubeide/plugins/com.st.stm32cube.ide.mcu.externaltools.gnu-tools-for-stm32.10.3-2021.10.win32_1.0.0.202111181127/tools/bin/../lib/gcc/arm-none-eabi/10.3.1/../../../../arm-none-eabi/lib/thumb/v7-m/nofp\libc_nano.a(lib_a-memset.o)
 .ARM.attributes
                0x00000000000004a3       0x17 c:/st/stm32cubeide_1.10.1/stm32cubeide/plugins/com.st.stm32cube.ide.mcu.externaltools.gnu-tools-for-stm32.10.3-2021.10.win32_1.0.0.202111181127/tools/bin/../lib/gcc/arm-none-eabi/10.3.1/../../../../arm-none-eabi/lib/thumb/v7-m/nofp\libc_nano.a(lib_a-strlen.o)
 .ARM.attributes
                0x00000000000004ba       0x1d c:/st/stm32cubeide_1.10.1/stm32cubeide/plugins/com.st.stm32cube.ide.mcu.externaltools.gnu-tools-for-stm32.10.3-2021.10.win32_1.0.0.202111181127/tools/bin/../lib/gcc/arm-none-eabi/10.3.1/thumb/v7-m/nofp/crtn.o
OUTPUT(radio_rx2.elf elf32-littlearm)
LOAD linker stubs
LOAD c:/st/stm32cubeide_1.10.1/stm32cubeide/plugins/com.st.stm32cube.ide.mcu.externaltools.gnu-tools-for-stm32.10.3-2021.10.win32_1.0.0.202111181127/tools/bin/../lib/gcc/arm-none-eabi/10.3.1/../../../../arm-none-eabi/lib/thumb/v7-m/nofp\libc.a
LOAD c:/st/stm32cubeide_1.10.1/stm32cubeide/plugins/com.st.stm32cube.ide.mcu.externaltools.gnu-tools-for-stm32.10.3-2021.10.win32_1.0.0.202111181127/tools/bin/../lib/gcc/arm-none-eabi/10.3.1/../../../../arm-none-eabi/lib/thumb/v7-m/nofp\libm.a
LOAD c:/st/stm32cubeide_1.10.1/stm32cubeide/plugins/com.st.stm32cube.ide.mcu.externaltools.gnu-tools-for-stm32.10.3-2021.10.win32_1.0.0.202111181127/tools/bin/../lib/gcc/arm-none-eabi/10.3.1/thumb/v7-m/nofp\libgcc.a

.debug_info     0x0000000000000000     0xf87c
 .debug_info    0x0000000000000000      0xe0c ./Core/Src/main.o
 .debug_info    0x0000000000000e0c      0xec2 ./Core/Src/nrf24l01.o
 .debug_info    0x0000000000001cce      0x7f5 ./Core/Src/stm32f1xx_hal_msp.o
 .debug_info    0x00000000000024c3      0x661 ./Core/Src/stm32f1xx_it.o
 .debug_info    0x0000000000002b24      0x23d ./Core/Src/system_stm32f1xx.o
 .debug_info    0x0000000000002d61       0x22 ./Core/Startup/startup_stm32f103c8tx.o
 .debug_info    0x0000000000002d83      0x734 ./Drivers/STM32F1xx_HAL_Driver/Src/stm32f1xx_hal.o
 .debug_info    0x00000000000034b7      0xb20 ./Drivers/STM32F1xx_HAL_Driver/Src/stm32f1xx_hal_cortex.o
 .debug_info    0x0000000000003fd7      0x615 ./Drivers/STM32F1xx_HAL_Driver/Src/stm32f1xx_hal_gpio.o
 .debug_info    0x00000000000045ec     0x16ab ./Drivers/STM32F1xx_HAL_Driver/Src/stm32f1xx_hal_pcd.o
 .debug_info    0x0000000000005c97      0x728 ./Drivers/STM32F1xx_HAL_Driver/Src/stm32f1xx_hal_pcd_ex.o
 .debug_info    0x00000000000063bf      0x860 ./Drivers/STM32F1xx_HAL_Driver/Src/stm32f1xx_hal_rcc.o
 .debug_info    0x0000000000006c1f      0x3e0 ./Drivers/STM32F1xx_HAL_Driver/Src/stm32f1xx_hal_rcc_ex.o
 .debug_info    0x0000000000006fff     0x1658 ./Drivers/STM32F1xx_HAL_Driver/Src/stm32f1xx_hal_spi.o
 .debug_info    0x0000000000008657     0x190d ./Drivers/STM32F1xx_HAL_Driver/Src/stm32f1xx_ll_usb.o
 .debug_info    0x0000000000009f64     0x10f1 ./Middlewares/ST/STM32_USB_Device_Library/Class/CDC/Src/usbd_cdc.o
 .debug_info    0x000000000000b055      0xb02 ./Middlewares/ST/STM32_USB_Device_Library/Core/Src/usbd_core.o
 .debug_info    0x000000000000bb57      0x9b6 ./Middlewares/ST/STM32_USB_Device_Library/Core/Src/usbd_ctlreq.o
 .debug_info    0x000000000000c50d      0x715 ./Middlewares/ST/STM32_USB_Device_Library/Core/Src/usbd_ioreq.o
 .debug_info    0x000000000000cc22      0x679 ./USB_DEVICE/App/usb_device.o
 .debug_info    0x000000000000d29b      0x828 ./USB_DEVICE/App/usbd_cdc_if.o
 .debug_info    0x000000000000dac3      0x484 ./USB_DEVICE/App/usbd_desc.o
 .debug_info    0x000000000000df47     0x1935 ./USB_DEVICE/Target/usbd_conf.o

.debug_abbrev   0x0000000000000000     0x2e93
 .debug_abbrev  0x0000000000000000      0x29b ./Core/Src/main.o
 .debug_abbrev  0x000000000000029b      0x2bd ./Core/Src/nrf24l01.o
 .debug_abbrev  0x0000000000000558      0x182 ./Core/Src/stm32f1xx_hal_msp.o
 .debug_abbrev  0x00000000000006da      0x188 ./Core/Src/stm32f1xx_it.o
 .debug_abbrev  0x0000000000000862      0x13b ./Core/Src/system_stm32f1xx.o
 .debug_abbrev  0x000000000000099d       0x12 ./Core/Startup/startup_stm32f103c8tx.o
 .debug_abbrev  0x00000000000009af      0x1fb ./Drivers/STM32F1xx_HAL_Driver/Src/stm32f1xx_hal.o
 .debug_abbrev  0x0000000000000baa      0x2ed ./Drivers/STM32F1xx_HAL_Driver/Src/stm32f1xx_hal_cortex.o
 .debug_abbrev  0x0000000000000e97      0x1bb ./Drivers/STM32F1xx_HAL_Driver/Src/stm32f1xx_hal_gpio.o
 .debug_abbrev  0x0000000000001052      0x2b9 ./Drivers/STM32F1xx_HAL_Driver/Src/stm32f1xx_hal_pcd.o
 .debug_abbrev  0x000000000000130b      0x17f ./Drivers/STM32F1xx_HAL_Driver/Src/stm32f1xx_hal_pcd_ex.o
 .debug_abbrev  0x000000000000148a      0x2a8 ./Drivers/STM32F1xx_HAL_Driver/Src/stm32f1xx_hal_rcc.o
 .debug_abbrev  0x0000000000001732      0x182 ./Drivers/STM32F1xx_HAL_Driver/Src/stm32f1xx_hal_rcc_ex.o
 .debug_abbrev  0x00000000000018b4      0x26e ./Drivers/STM32F1xx_HAL_Driver/Src/stm32f1xx_hal_spi.o
 .debug_abbrev  0x0000000000001b22      0x1cd ./Drivers/STM32F1xx_HAL_Driver/Src/stm32f1xx_ll_usb.o
 .debug_abbrev  0x0000000000001cef      0x2c0 ./Middlewares/ST/STM32_USB_Device_Library/Class/CDC/Src/usbd_cdc.o
 .debug_abbrev  0x0000000000001faf      0x236 ./Middlewares/ST/STM32_USB_Device_Library/Core/Src/usbd_core.o
 .debug_abbrev  0x00000000000021e5      0x257 ./Middlewares/ST/STM32_USB_Device_Library/Core/Src/usbd_ctlreq.o
 .debug_abbrev  0x000000000000243c      0x183 ./Middlewares/ST/STM32_USB_Device_Library/Core/Src/usbd_ioreq.o
 .debug_abbrev  0x00000000000025bf      0x183 ./USB_DEVICE/App/usb_device.o
 .debug_abbrev  0x0000000000002742      0x252 ./USB_DEVICE/App/usbd_cdc_if.o
 .debug_abbrev  0x0000000000002994      0x1fa ./USB_DEVICE/App/usbd_desc.o
 .debug_abbrev  0x0000000000002b8e      0x305 ./USB_DEVICE/Target/usbd_conf.o

.debug_aranges  0x0000000000000000      0xd18
 .debug_aranges
                0x0000000000000000       0x48 ./Core/Src/main.o
 .debug_aranges
                0x0000000000000048       0xc8 ./Core/Src/nrf24l01.o
 .debug_aranges
                0x0000000000000110       0x30 ./Core/Src/stm32f1xx_hal_msp.o
 .debug_aranges
                0x0000000000000140       0x68 ./Core/Src/stm32f1xx_it.o
 .debug_aranges
                0x00000000000001a8       0x28 ./Core/Src/system_stm32f1xx.o
 .debug_aranges
                0x00000000000001d0       0x28 ./Core/Startup/startup_stm32f103c8tx.o
 .debug_aranges
                0x00000000000001f8       0xe0 ./Drivers/STM32F1xx_HAL_Driver/Src/stm32f1xx_hal.o
 .debug_aranges
                0x00000000000002d8      0x100 ./Drivers/STM32F1xx_HAL_Driver/Src/stm32f1xx_hal_cortex.o
 .debug_aranges
                0x00000000000003d8       0x58 ./Drivers/STM32F1xx_HAL_Driver/Src/stm32f1xx_hal_gpio.o
 .debug_aranges
                0x0000000000000430      0x138 ./Drivers/STM32F1xx_HAL_Driver/Src/stm32f1xx_hal_pcd.o
 .debug_aranges
                0x0000000000000568       0x38 ./Drivers/STM32F1xx_HAL_Driver/Src/stm32f1xx_hal_pcd_ex.o
 .debug_aranges
                0x00000000000005a0       0x90 ./Drivers/STM32F1xx_HAL_Driver/Src/stm32f1xx_hal_rcc.o
 .debug_aranges
                0x0000000000000630       0x30 ./Drivers/STM32F1xx_HAL_Driver/Src/stm32f1xx_hal_rcc_ex.o
 .debug_aranges
                0x0000000000000660      0x1d0 ./Drivers/STM32F1xx_HAL_Driver/Src/stm32f1xx_hal_spi.o
 .debug_aranges
                0x0000000000000830       0xf0 ./Drivers/STM32F1xx_HAL_Driver/Src/stm32f1xx_ll_usb.o
 .debug_aranges
                0x0000000000000920       0x90 ./Middlewares/ST/STM32_USB_Device_Library/Class/CDC/Src/usbd_cdc.o
 .debug_aranges
                0x00000000000009b0       0xb8 ./Middlewares/ST/STM32_USB_Device_Library/Core/Src/usbd_core.o
 .debug_aranges
                0x0000000000000a68       0x88 ./Middlewares/ST/STM32_USB_Device_Library/Core/Src/usbd_ctlreq.o
 .debug_aranges
                0x0000000000000af0       0x50 ./Middlewares/ST/STM32_USB_Device_Library/Core/Src/usbd_ioreq.o
 .debug_aranges
                0x0000000000000b40       0x20 ./USB_DEVICE/App/usb_device.o
 .debug_aranges
                0x0000000000000b60       0x40 ./USB_DEVICE/App/usbd_cdc_if.o
 .debug_aranges
                0x0000000000000ba0       0x60 ./USB_DEVICE/App/usbd_desc.o
 .debug_aranges
                0x0000000000000c00      0x118 ./USB_DEVICE/Target/usbd_conf.o

.debug_ranges   0x0000000000000000      0xbb0
 .debug_ranges  0x0000000000000000       0x38 ./Core/Src/main.o
 .debug_ranges  0x0000000000000038       0xb8 ./Core/Src/nrf24l01.o
 .debug_ranges  0x00000000000000f0       0x20 ./Core/Src/stm32f1xx_hal_msp.o
 .debug_ranges  0x0000000000000110       0x58 ./Core/Src/stm32f1xx_it.o
 .debug_ranges  0x0000000000000168       0x18 ./Core/Src/system_stm32f1xx.o
 .debug_ranges  0x0000000000000180       0x20 ./Core/Startup/startup_stm32f103c8tx.o
 .debug_ranges  0x00000000000001a0       0xd0 ./Drivers/STM32F1xx_HAL_Driver/Src/stm32f1xx_hal.o
 .debug_ranges  0x0000000000000270       0xf0 ./Drivers/STM32F1xx_HAL_Driver/Src/stm32f1xx_hal_cortex.o
 .debug_ranges  0x0000000000000360       0x48 ./Drivers/STM32F1xx_HAL_Driver/Src/stm32f1xx_hal_gpio.o
 .debug_ranges  0x00000000000003a8      0x128 ./Drivers/STM32F1xx_HAL_Driver/Src/stm32f1xx_hal_pcd.o
 .debug_ranges  0x00000000000004d0       0x28 ./Drivers/STM32F1xx_HAL_Driver/Src/stm32f1xx_hal_pcd_ex.o
 .debug_ranges  0x00000000000004f8       0x80 ./Drivers/STM32F1xx_HAL_Driver/Src/stm32f1xx_hal_rcc.o
 .debug_ranges  0x0000000000000578       0x20 ./Drivers/STM32F1xx_HAL_Driver/Src/stm32f1xx_hal_rcc_ex.o
 .debug_ranges  0x0000000000000598      0x1c0 ./Drivers/STM32F1xx_HAL_Driver/Src/stm32f1xx_hal_spi.o
 .debug_ranges  0x0000000000000758       0xe0 ./Drivers/STM32F1xx_HAL_Driver/Src/stm32f1xx_ll_usb.o
 .debug_ranges  0x0000000000000838       0x80 ./Middlewares/ST/STM32_USB_Device_Library/Class/CDC/Src/usbd_cdc.o
 .debug_ranges  0x00000000000008b8       0xa8 ./Middlewares/ST/STM32_USB_Device_Library/Core/Src/usbd_core.o
 .debug_ranges  0x0000000000000960       0x78 ./Middlewares/ST/STM32_USB_Device_Library/Core/Src/usbd_ctlreq.o
 .debug_ranges  0x00000000000009d8       0x40 ./Middlewares/ST/STM32_USB_Device_Library/Core/Src/usbd_ioreq.o
 .debug_ranges  0x0000000000000a18       0x10 ./USB_DEVICE/App/usb_device.o
 .debug_ranges  0x0000000000000a28       0x30 ./USB_DEVICE/App/usbd_cdc_if.o
 .debug_ranges  0x0000000000000a58       0x50 ./USB_DEVICE/App/usbd_desc.o
 .debug_ranges  0x0000000000000aa8      0x108 ./USB_DEVICE/Target/usbd_conf.o

.debug_macro    0x0000000000000000    0x19dfd
 .debug_macro   0x0000000000000000      0x40f ./Core/Src/main.o
 .debug_macro   0x000000000000040f      0xa6c ./Core/Src/main.o
 .debug_macro   0x0000000000000e7b      0x21b ./Core/Src/main.o
 .debug_macro   0x0000000000001096       0x2e ./Core/Src/main.o
 .debug_macro   0x00000000000010c4       0x22 ./Core/Src/main.o
 .debug_macro   0x00000000000010e6       0x22 ./Core/Src/main.o
 .debug_macro   0x0000000000001108       0x8e ./Core/Src/main.o
 .debug_macro   0x0000000000001196       0x51 ./Core/Src/main.o
 .debug_macro   0x00000000000011e7      0x103 ./Core/Src/main.o
 .debug_macro   0x00000000000012ea       0x6a ./Core/Src/main.o
 .debug_macro   0x0000000000001354      0x1df ./Core/Src/main.o
 .debug_macro   0x0000000000001533       0x1c ./Core/Src/main.o
 .debug_macro   0x000000000000154f       0x22 ./Core/Src/main.o
 .debug_macro   0x0000000000001571       0xbd ./Core/Src/main.o
 .debug_macro   0x000000000000162e      0xd23 ./Core/Src/main.o
 .debug_macro   0x0000000000002351     0xe09e ./Core/Src/main.o
 .debug_macro   0x00000000000103ef       0x6d ./Core/Src/main.o
 .debug_macro   0x000000000001045c     0x3468 ./Core/Src/main.o
 .debug_macro   0x00000000000138c4      0x174 ./Core/Src/main.o
 .debug_macro   0x0000000000013a38       0x5c ./Core/Src/main.o
 .debug_macro   0x0000000000013a94      0x5be ./Core/Src/main.o
 .debug_macro   0x0000000000014052      0x289 ./Core/Src/main.o
 .debug_macro   0x00000000000142db      0x1cb ./Core/Src/main.o
 .debug_macro   0x00000000000144a6      0x114 ./Core/Src/main.o
 .debug_macro   0x00000000000145ba      0x1b2 ./Core/Src/main.o
 .debug_macro   0x000000000001476c       0x27 ./Core/Src/main.o
 .debug_macro   0x0000000000014793      0x136 ./Core/Src/main.o
 .debug_macro   0x00000000000148c9      0x1bc ./Core/Src/main.o
 .debug_macro   0x0000000000014a85       0x34 ./Core/Src/main.o
 .debug_macro   0x0000000000014ab9       0x3c ./Core/Src/main.o
 .debug_macro   0x0000000000014af5       0x57 ./Core/Src/main.o
 .debug_macro   0x0000000000014b4c       0x88 ./Core/Src/main.o
 .debug_macro   0x0000000000014bd4      0x241 ./Core/Src/main.o
 .debug_macro   0x0000000000014e15      0x141 ./Core/Src/main.o
 .debug_macro   0x0000000000014f56      0x217 ./Core/Src/main.o
 .debug_macro   0x000000000001516d       0x65 ./Core/Src/main.o
 .debug_macro   0x00000000000151d2      0x249 ./Core/Src/main.o
 .debug_macro   0x000000000001541b       0x83 ./Core/Src/main.o
 .debug_macro   0x000000000001549e       0x34 ./Core/Src/main.o
 .debug_macro   0x00000000000154d2       0x52 ./Core/Src/main.o
 .debug_macro   0x0000000000015524       0x18 ./Core/Src/main.o
 .debug_macro   0x000000000001553c       0x3c ./Core/Src/main.o
 .debug_macro   0x0000000000015578       0x34 ./Core/Src/main.o
 .debug_macro   0x00000000000155ac       0x16 ./Core/Src/main.o
 .debug_macro   0x00000000000155c2       0x35 ./Core/Src/main.o
 .debug_macro   0x00000000000155f7      0x341 ./Core/Src/main.o
 .debug_macro   0x0000000000015938       0x10 ./Core/Src/main.o
 .debug_macro   0x0000000000015948       0x16 ./Core/Src/main.o
 .debug_macro   0x000000000001595e       0x43 ./Core/Src/main.o
 .debug_macro   0x00000000000159a1       0x34 ./Core/Src/main.o
 .debug_macro   0x00000000000159d5       0x10 ./Core/Src/main.o
 .debug_macro   0x00000000000159e5       0x58 ./Core/Src/main.o
 .debug_macro   0x0000000000015a3d       0x71 ./Core/Src/main.o
 .debug_macro   0x0000000000015aae       0x1c ./Core/Src/main.o
 .debug_macro   0x0000000000015aca      0x12a ./Core/Src/main.o
 .debug_macro   0x0000000000015bf4       0x10 ./Core/Src/main.o
 .debug_macro   0x0000000000015c04       0x1c ./Core/Src/main.o
 .debug_macro   0x0000000000015c20       0x52 ./Core/Src/main.o
 .debug_macro   0x0000000000015c72       0x22 ./Core/Src/main.o
 .debug_macro   0x0000000000015c94       0x10 ./Core/Src/main.o
 .debug_macro   0x0000000000015ca4       0x52 ./Core/Src/main.o
 .debug_macro   0x0000000000015cf6       0xd5 ./Core/Src/main.o
 .debug_macro   0x0000000000015dcb       0x1c ./Core/Src/main.o
 .debug_macro   0x0000000000015de7       0x3d ./Core/Src/main.o
 .debug_macro   0x0000000000015e24       0x16 ./Core/Src/main.o
 .debug_macro   0x0000000000015e3a      0x145 ./Core/Src/main.o
 .debug_macro   0x0000000000015f7f       0x16 ./Core/Src/main.o
 .debug_macro   0x0000000000015f95       0x16 ./Core/Src/main.o
 .debug_macro   0x0000000000015fab       0x29 ./Core/Src/main.o
 .debug_macro   0x0000000000015fd4       0x16 ./Core/Src/main.o
 .debug_macro   0x0000000000015fea       0x20 ./Core/Src/main.o
 .debug_macro   0x000000000001600a       0x5f ./Core/Src/main.o
 .debug_macro   0x0000000000016069      0x1c8 ./Core/Src/main.o
 .debug_macro   0x0000000000016231      0x112 ./Core/Src/main.o
 .debug_macro   0x0000000000016343       0x8f ./Core/Src/main.o
 .debug_macro   0x00000000000163d2       0x10 ./Core/Src/main.o
 .debug_macro   0x00000000000163e2      0x1d0 ./Core/Src/nrf24l01.o
 .debug_macro   0x00000000000165b2      0x1c1 ./Core/Src/stm32f1xx_hal_msp.o
 .debug_macro   0x0000000000016773      0x1cb ./Core/Src/stm32f1xx_it.o
 .debug_macro   0x000000000001693e      0x1b2 ./Core/Src/system_stm32f1xx.o
 .debug_macro   0x0000000000016af0      0x1d6 ./Drivers/STM32F1xx_HAL_Driver/Src/stm32f1xx_hal.o
 .debug_macro   0x0000000000016cc6      0x1b2 ./Drivers/STM32F1xx_HAL_Driver/Src/stm32f1xx_hal_cortex.o
 .debug_macro   0x0000000000016e78      0x21d ./Drivers/STM32F1xx_HAL_Driver/Src/stm32f1xx_hal_gpio.o
 .debug_macro   0x0000000000017095      0x1be ./Drivers/STM32F1xx_HAL_Driver/Src/stm32f1xx_hal_pcd.o
 .debug_macro   0x0000000000017253      0x1b2 ./Drivers/STM32F1xx_HAL_Driver/Src/stm32f1xx_hal_pcd_ex.o
 .debug_macro   0x0000000000017405      0x1c4 ./Drivers/STM32F1xx_HAL_Driver/Src/stm32f1xx_hal_rcc.o
 .debug_macro   0x00000000000175c9      0x1b2 ./Drivers/STM32F1xx_HAL_Driver/Src/stm32f1xx_hal_rcc_ex.o
 .debug_macro   0x000000000001777b      0x1ba ./Drivers/STM32F1xx_HAL_Driver/Src/stm32f1xx_hal_spi.o
 .debug_macro   0x0000000000017935      0x1b2 ./Drivers/STM32F1xx_HAL_Driver/Src/stm32f1xx_ll_usb.o
 .debug_macro   0x0000000000017ae7      0x3d7 ./Middlewares/ST/STM32_USB_Device_Library/Class/CDC/Src/usbd_cdc.o
 .debug_macro   0x0000000000017ebe       0x97 ./Middlewares/ST/STM32_USB_Device_Library/Class/CDC/Src/usbd_cdc.o
 .debug_macro   0x0000000000017f55       0xfd ./Middlewares/ST/STM32_USB_Device_Library/Class/CDC/Src/usbd_cdc.o
 .debug_macro   0x0000000000018052       0x56 ./Middlewares/ST/STM32_USB_Device_Library/Class/CDC/Src/usbd_cdc.o
 .debug_macro   0x00000000000180a8      0x3be ./Middlewares/ST/STM32_USB_Device_Library/Core/Src/usbd_core.o
 .debug_macro   0x0000000000018466      0x1ce ./Middlewares/ST/STM32_USB_Device_Library/Core/Src/usbd_core.o
 .debug_macro   0x0000000000018634      0x3c8 ./Middlewares/ST/STM32_USB_Device_Library/Core/Src/usbd_ctlreq.o
 .debug_macro   0x00000000000189fc      0x3c4 ./Middlewares/ST/STM32_USB_Device_Library/Core/Src/usbd_ioreq.o
 .debug_macro   0x0000000000018dc0      0x3f7 ./USB_DEVICE/App/usb_device.o
 .debug_macro   0x00000000000191b7       0x3a ./USB_DEVICE/App/usb_device.o
 .debug_macro   0x00000000000191f1       0x22 ./USB_DEVICE/App/usb_device.o
 .debug_macro   0x0000000000019213       0x16 ./USB_DEVICE/App/usb_device.o
 .debug_macro   0x0000000000019229      0x3e2 ./USB_DEVICE/App/usbd_cdc_if.o
 .debug_macro   0x000000000001960b      0x3fb ./USB_DEVICE/App/usbd_desc.o
 .debug_macro   0x0000000000019a06       0x1c ./USB_DEVICE/App/usbd_desc.o
 .debug_macro   0x0000000000019a22      0x3db ./USB_DEVICE/Target/usbd_conf.o

.debug_line     0x0000000000000000    0x107e4
 .debug_line    0x0000000000000000      0xb42 ./Core/Src/main.o
 .debug_line    0x0000000000000b42      0xbbf ./Core/Src/nrf24l01.o
 .debug_line    0x0000000000001701      0x6d9 ./Core/Src/stm32f1xx_hal_msp.o
 .debug_line    0x0000000000001dda      0x761 ./Core/Src/stm32f1xx_it.o
 .debug_line    0x000000000000253b      0x705 ./Core/Src/system_stm32f1xx.o
 .debug_line    0x0000000000002c40       0x87 ./Core/Startup/startup_stm32f103c8tx.o
 .debug_line    0x0000000000002cc7      0x932 ./Drivers/STM32F1xx_HAL_Driver/Src/stm32f1xx_hal.o
 .debug_line    0x00000000000035f9      0xb1a ./Drivers/STM32F1xx_HAL_Driver/Src/stm32f1xx_hal_cortex.o
 .debug_line    0x0000000000004113      0x9c9 ./Drivers/STM32F1xx_HAL_Driver/Src/stm32f1xx_hal_gpio.o
 .debug_line    0x0000000000004adc     0x1320 ./Drivers/STM32F1xx_HAL_Driver/Src/stm32f1xx_hal_pcd.o
 .debug_line    0x0000000000005dfc      0x700 ./Drivers/STM32F1xx_HAL_Driver/Src/stm32f1xx_hal_pcd_ex.o
 .debug_line    0x00000000000064fc      0xd40 ./Drivers/STM32F1xx_HAL_Driver/Src/stm32f1xx_hal_rcc.o
 .debug_line    0x000000000000723c      0x87e ./Drivers/STM32F1xx_HAL_Driver/Src/stm32f1xx_hal_rcc_ex.o
 .debug_line    0x0000000000007aba     0x1bb7 ./Drivers/STM32F1xx_HAL_Driver/Src/stm32f1xx_hal_spi.o
 .debug_line    0x0000000000009671     0x1065 ./Drivers/STM32F1xx_HAL_Driver/Src/stm32f1xx_ll_usb.o
 .debug_line    0x000000000000a6d6      0xd11 ./Middlewares/ST/STM32_USB_Device_Library/Class/CDC/Src/usbd_cdc.o
 .debug_line    0x000000000000b3e7      0xd91 ./Middlewares/ST/STM32_USB_Device_Library/Core/Src/usbd_core.o
 .debug_line    0x000000000000c178      0xfb3 ./Middlewares/ST/STM32_USB_Device_Library/Core/Src/usbd_ctlreq.o
 .debug_line    0x000000000000d12b      0xa27 ./Middlewares/ST/STM32_USB_Device_Library/Core/Src/usbd_ioreq.o
 .debug_line    0x000000000000db52      0x9e7 ./USB_DEVICE/App/usb_device.o
 .debug_line    0x000000000000e539      0xa2f ./USB_DEVICE/App/usbd_cdc_if.o
 .debug_line    0x000000000000ef68      0xab0 ./USB_DEVICE/App/usbd_desc.o
 .debug_line    0x000000000000fa18      0xdcc ./USB_DEVICE/Target/usbd_conf.o

.debug_str      0x0000000000000000    0x86b78
 .debug_str     0x0000000000000000    0x83afe ./Core/Src/main.o
                                      0x83f15 (size before relaxing)
 .debug_str     0x0000000000083afe      0x1ae ./Core/Src/nrf24l01.o
                                      0x7f208 (size before relaxing)
 .debug_str     0x0000000000083cac       0x63 ./Core/Src/stm32f1xx_hal_msp.o
                                      0x7ecae (size before relaxing)
 .debug_str     0x0000000000083d0f      0x3d7 ./Core/Src/stm32f1xx_it.o
                                      0x7ec55 (size before relaxing)
 .debug_str     0x00000000000840e6       0x7e ./Core/Src/system_stm32f1xx.o
                                      0x7e811 (size before relaxing)
 .debug_str     0x0000000000084164       0x36 ./Core/Startup/startup_stm32f103c8tx.o
                                         0x73 (size before relaxing)
 .debug_str     0x000000000008419a      0x5fd ./Drivers/STM32F1xx_HAL_Driver/Src/stm32f1xx_hal.o
                                      0x7ef44 (size before relaxing)
 .debug_str     0x0000000000084797      0x293 ./Drivers/STM32F1xx_HAL_Driver/Src/stm32f1xx_hal_cortex.o
                                      0x7ee90 (size before relaxing)
 .debug_str     0x0000000000084a2a      0x2f7 ./Drivers/STM32F1xx_HAL_Driver/Src/stm32f1xx_hal_gpio.o
                                      0x7eb97 (size before relaxing)
 .debug_str     0x0000000000084d21      0x573 ./Drivers/STM32F1xx_HAL_Driver/Src/stm32f1xx_hal_pcd.o
                                      0x7f0e9 (size before relaxing)
 .debug_str     0x0000000000085294      0x170 ./Drivers/STM32F1xx_HAL_Driver/Src/stm32f1xx_hal_pcd_ex.o
                                      0x7ec85 (size before relaxing)
 .debug_str     0x0000000000085404      0x229 ./Drivers/STM32F1xx_HAL_Driver/Src/stm32f1xx_hal_rcc.o
                                      0x7ec40 (size before relaxing)
 .debug_str     0x000000000008562d       0x9f ./Drivers/STM32F1xx_HAL_Driver/Src/stm32f1xx_hal_rcc_ex.o
                                      0x7e990 (size before relaxing)
 .debug_str     0x00000000000856cc      0x539 ./Drivers/STM32F1xx_HAL_Driver/Src/stm32f1xx_hal_spi.o
                                      0x7f13d (size before relaxing)
 .debug_str     0x0000000000085c05      0x129 ./Drivers/STM32F1xx_HAL_Driver/Src/stm32f1xx_ll_usb.o
                                      0x7ecb8 (size before relaxing)
 .debug_str     0x0000000000085d2e      0x645 ./Middlewares/ST/STM32_USB_Device_Library/Class/CDC/Src/usbd_cdc.o
                                      0x83dc8 (size before relaxing)
 .debug_str     0x0000000000086373      0x281 ./Middlewares/ST/STM32_USB_Device_Library/Core/Src/usbd_core.o
                                      0x83703 (size before relaxing)
 .debug_str     0x00000000000865f4      0x120 ./Middlewares/ST/STM32_USB_Device_Library/Core/Src/usbd_ctlreq.o
                                      0x8361d (size before relaxing)
 .debug_str     0x0000000000086714       0x51 ./Middlewares/ST/STM32_USB_Device_Library/Core/Src/usbd_ioreq.o
                                      0x8354a (size before relaxing)
 .debug_str     0x0000000000086765       0xc6 ./USB_DEVICE/App/usb_device.o
                                      0x838d5 (size before relaxing)
 .debug_str     0x000000000008682b       0x7d ./USB_DEVICE/App/usbd_cdc_if.o
                                      0x838fb (size before relaxing)
 .debug_str     0x00000000000868a8      0x258 ./USB_DEVICE/App/usbd_desc.o
                                      0x83486 (size before relaxing)
 .debug_str     0x0000000000086b00       0x78 ./USB_DEVICE/Target/usbd_conf.o
                                      0x84355 (size before relaxing)

.comment        0x0000000000000000       0x50
 .comment       0x0000000000000000       0x50 ./Core/Src/main.o
                                         0x51 (size before relaxing)
 .comment       0x0000000000000050       0x51 ./Core/Src/nrf24l01.o
 .comment       0x0000000000000050       0x51 ./Core/Src/stm32f1xx_hal_msp.o
 .comment       0x0000000000000050       0x51 ./Core/Src/stm32f1xx_it.o
 .comment       0x0000000000000050       0x51 ./Core/Src/system_stm32f1xx.o
 .comment       0x0000000000000050       0x51 ./Drivers/STM32F1xx_HAL_Driver/Src/stm32f1xx_hal.o
 .comment       0x0000000000000050       0x51 ./Drivers/STM32F1xx_HAL_Driver/Src/stm32f1xx_hal_cortex.o
 .comment       0x0000000000000050       0x51 ./Drivers/STM32F1xx_HAL_Driver/Src/stm32f1xx_hal_gpio.o
 .comment       0x0000000000000050       0x51 ./Drivers/STM32F1xx_HAL_Driver/Src/stm32f1xx_hal_pcd.o
 .comment       0x0000000000000050       0x51 ./Drivers/STM32F1xx_HAL_Driver/Src/stm32f1xx_hal_pcd_ex.o
 .comment       0x0000000000000050       0x51 ./Drivers/STM32F1xx_HAL_Driver/Src/stm32f1xx_hal_rcc.o
 .comment       0x0000000000000050       0x51 ./Drivers/STM32F1xx_HAL_Driver/Src/stm32f1xx_hal_rcc_ex.o
 .comment       0x0000000000000050       0x51 ./Drivers/STM32F1xx_HAL_Driver/Src/stm32f1xx_hal_spi.o
 .comment       0x0000000000000050       0x51 ./Drivers/STM32F1xx_HAL_Driver/Src/stm32f1xx_ll_usb.o
 .comment       0x0000000000000050       0x51 ./Middlewares/ST/STM32_USB_Device_Library/Class/CDC/Src/usbd_cdc.o
 .comment       0x0000000000000050       0x51 ./Middlewares/ST/STM32_USB_Device_Library/Core/Src/usbd_core.o
 .comment       0x0000000000000050       0x51 ./Middlewares/ST/STM32_USB_Device_Library/Core/Src/usbd_ctlreq.o
 .comment       0x0000000000000050       0x51 ./Middlewares/ST/STM32_USB_Device_Library/Core/Src/usbd_ioreq.o
 .comment       0x0000000000000050       0x51 ./USB_DEVICE/App/usb_device.o
 .comment       0x0000000000000050       0x51 ./USB_DEVICE/App/usbd_cdc_if.o
 .comment       0x0000000000000050       0x51 ./USB_DEVICE/App/usbd_desc.o
 .comment       0x0000000000000050       0x51 ./USB_DEVICE/Target/usbd_conf.o

.debug_frame    0x0000000000000000     0x3374
 .debug_frame   0x0000000000000000       0xc8 ./Core/Src/main.o
 .debug_frame   0x00000000000000c8      0x32c ./Core/Src/nrf24l01.o
 .debug_frame   0x00000000000003f4       0x80 ./Core/Src/stm32f1xx_hal_msp.o
 .debug_frame   0x0000000000000474      0x120 ./Core/Src/stm32f1xx_it.o
 .debug_frame   0x0000000000000594       0x58 ./Core/Src/system_stm32f1xx.o
 .debug_frame   0x00000000000005ec      0x334 ./Drivers/STM32F1xx_HAL_Driver/Src/stm32f1xx_hal.o
 .debug_frame   0x0000000000000920      0x428 ./Drivers/STM32F1xx_HAL_Driver/Src/stm32f1xx_hal_cortex.o
 .debug_frame   0x0000000000000d48      0x14c ./Drivers/STM32F1xx_HAL_Driver/Src/stm32f1xx_hal_gpio.o
 .debug_frame   0x0000000000000e94      0x578 ./Drivers/STM32F1xx_HAL_Driver/Src/stm32f1xx_hal_pcd.o
 .debug_frame   0x000000000000140c       0xb0 ./Drivers/STM32F1xx_HAL_Driver/Src/stm32f1xx_hal_pcd_ex.o
 .debug_frame   0x00000000000014bc      0x21c ./Drivers/STM32F1xx_HAL_Driver/Src/stm32f1xx_hal_rcc.o
 .debug_frame   0x00000000000016d8       0x84 ./Drivers/STM32F1xx_HAL_Driver/Src/stm32f1xx_hal_rcc_ex.o
 .debug_frame   0x000000000000175c      0x824 ./Drivers/STM32F1xx_HAL_Driver/Src/stm32f1xx_hal_spi.o
 .debug_frame   0x0000000000001f80      0x450 ./Drivers/STM32F1xx_HAL_Driver/Src/stm32f1xx_ll_usb.o
 .debug_frame   0x00000000000023d0      0x248 ./Middlewares/ST/STM32_USB_Device_Library/Class/CDC/Src/usbd_cdc.o
 .debug_frame   0x0000000000002618      0x300 ./Middlewares/ST/STM32_USB_Device_Library/Core/Src/usbd_core.o
 .debug_frame   0x0000000000002918      0x218 ./Middlewares/ST/STM32_USB_Device_Library/Core/Src/usbd_ctlreq.o
 .debug_frame   0x0000000000002b30      0x10c ./Middlewares/ST/STM32_USB_Device_Library/Core/Src/usbd_ioreq.o
 .debug_frame   0x0000000000002c3c       0x2c ./USB_DEVICE/App/usb_device.o
 .debug_frame   0x0000000000002c68       0xbc ./USB_DEVICE/App/usbd_cdc_if.o
 .debug_frame   0x0000000000002d24      0x160 ./USB_DEVICE/App/usbd_desc.o
 .debug_frame   0x0000000000002e84      0x4a4 ./USB_DEVICE/Target/usbd_conf.o
 .debug_frame   0x0000000000003328       0x2c c:/st/stm32cubeide_1.10.1/stm32cubeide/plugins/com.st.stm32cube.ide.mcu.externaltools.gnu-tools-for-stm32.10.3-2021.10.win32_1.0.0.202111181127/tools/bin/../lib/gcc/arm-none-eabi/10.3.1/../../../../arm-none-eabi/lib/thumb/v7-m/nofp\libc_nano.a(lib_a-init.o)
 .debug_frame   0x0000000000003354       0x20 c:/st/stm32cubeide_1.10.1/stm32cubeide/plugins/com.st.stm32cube.ide.mcu.externaltools.gnu-tools-for-stm32.10.3-2021.10.win32_1.0.0.202111181127/tools/bin/../lib/gcc/arm-none-eabi/10.3.1/../../../../arm-none-eabi/lib/thumb/v7-m/nofp\libc_nano.a(lib_a-memset.o)
