../Core/Src/main.c:96:6:HAL_TIM_IC_CaptureCallback	16	static
../Core/Src/main.c:114:5:main	8	static
../Core/Src/main.c:230:6:SystemClock_Config	88	static
../Core/Src/main.c:277:13:MX_SPI1_Init	8	static
../Core/Src/main.c:315:13:MX_TIM1_Init	96	static
../Core/Src/main.c:398:13:MX_TIM2_Init	56	static
../Core/Src/main.c:447:13:MX_TIM3_Init	64	static
../Core/Src/main.c:506:13:MX_TIM4_Init	56	static
../Core/Src/main.c:555:13:MX_GPIO_Init	40	static
../Core/Src/main.c:606:6:readData	8	static
../Core/Src/main.c:612:6:quemSouEu	8	static
../Core/Src/main.c:635:6:Error_Handler	4	static,ignoring_inline_asm
