../Core/Src/nrf24l01.c:31:6:nrf24_init	16	static
../Core/Src/nrf24l01.c:51:6:nrf24_setDataRate	24	static
../Core/Src/nrf24l01.c:83:6:nrf24_setPALevel	24	static
../Core/Src/nrf24l01.c:120:6:nrf24_setChannel	16	static
../Core/Src/nrf24l01.c:128:6:nrf24_setMode	24	static
../Core/Src/nrf24l01.c:164:6:nrf24_setCrcLentgh	24	static
../Core/Src/nrf24l01.c:196:6:nrf24_setTxAddr	16	static
../Core/Src/nrf24l01.c:204:9:nrf24_Transmit	40	static,ignoring_inline_asm
../Core/Src/nrf24l01.c:234:6:nrf24_setRxPipe	32	static
../Core/Src/nrf24l01.c:285:9:isDataAvailable	24	static
../Core/Src/nrf24l01.c:299:6:nrf24_Receive	32	static
../Core/Src/nrf24l01.c:318:6:nrf24_ReadAll	32	static
../Core/Src/nrf24l01.c:338:13:nrf24_CE_enable	16	static
../Core/Src/nrf24l01.c:343:13:nrf24_CE_disable	16	static
../Core/Src/nrf24l01.c:348:13:nrf24_CSN_enable	16	static
../Core/Src/nrf24l01.c:353:13:nrf24_CSN_disable	16	static
../Core/Src/nrf24l01.c:359:13:nrf24_writeReg	24	static
../Core/Src/nrf24l01.c:371:13:nrf24_writeRegMulti	32	static
../Core/Src/nrf24l01.c:385:16:nrf24_readReg	24	static
../Core/Src/nrf24l01.c:397:13:nrf24_readRegMulti	24	static
../Core/Src/nrf24l01.c:407:13:nrf_sendCmd	16	static
../Core/Src/nrf24l01.c:415:13:nrf24_reset	40	static
