../Core/Src/stm32f1xx_it.c:86:6:NMI_Handler	4	static
../Core/Src/stm32f1xx_it.c:101:6:HardFault_Handler	4	static
../Core/Src/stm32f1xx_it.c:116:6:MemManage_Handler	4	static
../Core/Src/stm32f1xx_it.c:131:6:BusFault_Handler	4	static
../Core/Src/stm32f1xx_it.c:146:6:UsageFault_Handler	4	static
../Core/Src/stm32f1xx_it.c:161:6:SVC_Handler	4	static
../Core/Src/stm32f1xx_it.c:174:6:DebugMon_Handler	4	static
../Core/Src/stm32f1xx_it.c:187:6:PendSV_Handler	4	static
../Core/Src/stm32f1xx_it.c:200:6:SysTick_Handler	8	static
../Core/Src/stm32f1xx_it.c:238:6:USB_LP_CAN1_RX0_IRQHandler	8	static
../Core/Src/stm32f1xx_it.c:252:6:TIM2_IRQHandler	8	static
../Core/Src/stm32f1xx_it.c:266:6:TIM4_IRQHandler	8	static
